10.10.1.32 - MERIDIANHCS\priya.patel [18/Mar/2024:15:46:49 +0000] "GET https://static.sharepointonline.com/shared/1.0/content/images/microsoft_logo.png HTTP/1.1" 200 115387 "https://login.microsoftonline.com/common/oauth2/v2.0/authorize" "Mozilla/5.0 (Windows NT 10.0; Win64; x64) AppleWebKit/537.36 (KHTML, like Gecko) Chrome/121.0.0.0 Safari/537.36" "cs_bytes=276 sc_bytes=115387 proxy_action=ssl-inspect ssl_bump=bump"
10.10.1.32 - MERIDIANHCS\priya.patel [18/Mar/2024:15:46:49 +0000] "POST https://login.microsoftonline.com/common/oauth2/v2.0/token HTTP/1.1" 200 11646 "https://login.microsoftonline.com/common/oauth2/v2.0/authorize" "Mozilla/5.0 (Windows NT 10.0; Win64; x64) AppleWebKit/537.36 (KHTML, like Gecko) Chrome/121.0.0.0 Safari/537.36" "cs_bytes=1245 sc_bytes=11646 proxy_action=ssl-inspect ssl_bump=bump"
10.10.1.36 - MERIDIANHCS\sophia.martinez [18/Mar/2024:15:46:53 +0000] "GET https://calendar.google.com/render HTTP/1.1" 200 14358 "https://calendar.google.com/r/month" "Mozilla/5.0 (Windows NT 10.0; Win64; x64) AppleWebKit/537.36 (KHTML, like Gecko) Chrome/120.0.0.0 Safari/537.36" "cs_bytes=577 sc_bytes=14358 proxy_action=ssl-inspect ssl_bump=bump"
10.10.1.34 - MERIDIANHCS\diego.ramirez [18/Mar/2024:15:46:55 +0000] "CONNECT sharepoint.com:443 HTTP/1.1" 200 95 "-" "Mozilla/5.0 (Windows NT 10.0; Win64; x64) AppleWebKit/537.36 (KHTML, like Gecko) Chrome/119.0.0.0 Safari/537.36" "cs_bytes=508 sc_bytes=95 proxy_action=tunnel-setup ssl_bump=peek"
10.10.1.34 - MERIDIANHCS\diego.ramirez [18/Mar/2024:15:46:55 +0000] "GET https://sharepoint.com/sites/intranet/SitePages/Home.aspx HTTP/1.1" 200 59566 "-" "Mozilla/5.0 (Windows NT 10.0; Win64; x64) AppleWebKit/537.36 (KHTML, like Gecko) Chrome/119.0.0.0 Safari/537.36" "cs_bytes=385 sc_bytes=59566 proxy_action=ssl-inspect ssl_bump=bump"
10.10.1.36 - MERIDIANHCS\sophia.martinez [18/Mar/2024:15:46:55 +0000] "GET https://www.gstatic.com/calendar/351b79b5/js/calendar-main.js HTTP/1.1" 200 182304 "https://calendar.google.com/render" "Mozilla/5.0 (Windows NT 10.0; Win64; x64) AppleWebKit/537.36 (KHTML, like Gecko) Chrome/120.0.0.0 Safari/537.36" "cs_bytes=265 sc_bytes=182304 proxy_action=ssl-inspect ssl_bump=bump"
10.10.1.32 - MERIDIANHCS\priya.patel [18/Mar/2024:15:46:56 +0000] "POST http://www.dropbox.com/2/sharing/list_shared_links HTTP/1.1" 301 409 "-" "Mozilla/5.0 (Windows NT 10.0; Win64; x64) AppleWebKit/537.36 (KHTML, like Gecko) Chrome/121.0.0.0 Safari/537.36" "cs_bytes=3594 sc_bytes=409 proxy_action=forward"
10.10.1.34 - MERIDIANHCS\diego.ramirez [18/Mar/2024:15:46:56 +0000] "GET https://sharepoint.com/bld/_layouts/15/3cac53b74bb6c348/styles/fabric.css HTTP/1.1" 200 16799 "https://sharepoint.com/sites/intranet/SitePages/Home.aspx" "Mozilla/5.0 (Windows NT 10.0; Win64; x64) AppleWebKit/537.36 (KHTML, like Gecko) Chrome/119.0.0.0 Safari/537.36" "cs_bytes=577 sc_bytes=16799 proxy_action=ssl-inspect ssl_bump=bump"
10.10.1.36 - MERIDIANHCS\sophia.martinez [18/Mar/2024:15:46:56 +0000] "GET https://calendar.google.com/favicon.ico HTTP/1.1" 200 1082 "https://calendar.google.com/render" "Mozilla/5.0 (Windows NT 10.0; Win64; x64) AppleWebKit/537.36 (KHTML, like Gecko) Chrome/120.0.0.0 Safari/537.36" "cs_bytes=220 sc_bytes=1082 proxy_action=ssl-inspect ssl_bump=bump"
10.10.1.36 - MERIDIANHCS\sophia.martinez [18/Mar/2024:15:46:56 +0000] "GET https://fonts.gstatic.com/s/roboto/v30/KFOmCnqEu92Fr1Mu4mxK.woff2 HTTP/1.1" 200 46817 "https://calendar.google.com/render" "Mozilla/5.0 (Windows NT 10.0; Win64; x64) AppleWebKit/537.36 (KHTML, like Gecko) Chrome/120.0.0.0 Safari/537.36" "cs_bytes=104 sc_bytes=46817 proxy_action=ssl-inspect ssl_bump=bump"
10.10.1.36 - MERIDIANHCS\sophia.martinez [18/Mar/2024:15:46:56 +0000] "GET https://www.gstatic.com/calendar/32cdaba0/css/calendar.css HTTP/1.1" 200 38085 "https://calendar.google.com/render" "Mozilla/5.0 (Windows NT 10.0; Win64; x64) AppleWebKit/537.36 (KHTML, like Gecko) Chrome/120.0.0.0 Safari/537.36" "cs_bytes=340 sc_bytes=38085 proxy_action=ssl-inspect ssl_bump=bump"
10.10.1.34 - MERIDIANHCS\diego.ramirez [18/Mar/2024:15:46:57 +0000] "CONNECT onenote.officeapps.live.com:443 HTTP/1.1" 200 251 "-" "Mozilla/5.0 (Windows NT 10.0; Win64; x64) AppleWebKit/537.36 (KHTML, like Gecko) Chrome/119.0.0.0 Safari/537.36" "cs_bytes=525 sc_bytes=251 proxy_action=tunnel-setup ssl_bump=peek"
10.10.1.34 - MERIDIANHCS\diego.ramirez [18/Mar/2024:15:46:57 +0000] "GET https://onenote.officeapps.live.com/bld/_layouts/15/cc2f43a913bb5149/init.js HTTP/1.1" 200 37158 "https://sharepoint.com/sites/intranet/SitePages/Home.aspx" "Mozilla/5.0 (Windows NT 10.0; Win64; x64) AppleWebKit/537.36 (KHTML, like Gecko) Chrome/119.0.0.0 Safari/537.36" "cs_bytes=323 sc_bytes=37158 proxy_action=ssl-inspect ssl_bump=bump"
10.10.1.34 - MERIDIANHCS\diego.ramirez [18/Mar/2024:15:46:57 +0000] "GET https://onenote.officeapps.live.com/officehub/681afc86b29d0731/images/ms-logo.png HTTP/1.1" 200 134449 "https://sharepoint.com/sites/intranet/SitePages/Home.aspx" "Mozilla/5.0 (Windows NT 10.0; Win64; x64) AppleWebKit/537.36 (KHTML, like Gecko) Chrome/119.0.0.0 Safari/537.36" "cs_bytes=213 sc_bytes=134449 proxy_action=ssl-inspect ssl_bump=bump"
10.10.1.34 - MERIDIANHCS\diego.ramirez [18/Mar/2024:15:46:57 +0000] "GET https://sharepoint.com/favicon.ico HTTP/1.1" 206 278 "https://sharepoint.com/sites/intranet/SitePages/Home.aspx" "Mozilla/5.0 (Windows NT 10.0; Win64; x64) AppleWebKit/537.36 (KHTML, like Gecko) Chrome/119.0.0.0 Safari/537.36" "cs_bytes=267 sc_bytes=278 proxy_action=ssl-inspect ssl_bump=bump"
10.10.1.36 - MERIDIANHCS\sophia.martinez [18/Mar/2024:15:47:00 +0000] "GET https://calendar.google.com/r/month HTTP/1.1" 200 72992 "https://calendar.google.com/render" "Mozilla/5.0 (Windows NT 10.0; Win64; x64) AppleWebKit/537.36 (KHTML, like Gecko) Chrome/120.0.0.0 Safari/537.36" "cs_bytes=457 sc_bytes=72992 proxy_action=ssl-inspect ssl_bump=bump"
10.10.1.36 - MERIDIANHCS\sophia.martinez [18/Mar/2024:15:47:02 +0000] "GET https://calendar.google.com/favicon.ico HTTP/1.1" 304 187 "https://calendar.google.com/r/month" "Mozilla/5.0 (Windows NT 10.0; Win64; x64) AppleWebKit/537.36 (KHTML, like Gecko) Chrome/120.0.0.0 Safari/537.36" "cs_bytes=83 sc_bytes=187 proxy_action=ssl-inspect ssl_bump=bump"
10.10.1.36 - MERIDIANHCS\sophia.martinez [18/Mar/2024:15:47:02 +0000] "GET https://www.gstatic.com/calendar/8f35ab3c/js/month-view.js HTTP/1.1" 304 155 "https://calendar.google.com/r/month" "Mozilla/5.0 (Windows NT 10.0; Win64; x64) AppleWebKit/537.36 (KHTML, like Gecko) Chrome/120.0.0.0 Safari/537.36" "cs_bytes=343 sc_bytes=155 proxy_action=ssl-inspect ssl_bump=bump"
10.10.1.36 - MERIDIANHCS\sophia.martinez [18/Mar/2024:15:47:03 +0000] "GET https://calendar.google.com/calendar/v3/calendars/primary/events?timeMin=2024-03-01T00:00:00Z HTTP/1.1" 200 33172 "https://calendar.google.com/r/month" "Mozilla/5.0 (Windows NT 10.0; Win64; x64) AppleWebKit/537.36 (KHTML, like Gecko) Chrome/120.0.0.0 Safari/537.36" "cs_bytes=255 sc_bytes=33172 proxy_action=ssl-inspect ssl_bump=bump"
10.10.1.32 - MERIDIANHCS\priya.patel [18/Mar/2024:15:47:11 +0000] "GET https://login.microsoftonline.com/common/oauth2/v2.0/authorize HTTP/1.1" 200 52385 "https://login.microsoftonline.com/common/oauth2/v2.0/authorize" "Mozilla/5.0 (Windows NT 10.0; Win64; x64) AppleWebKit/537.36 (KHTML, like Gecko) Chrome/121.0.0.0 Safari/537.36" "cs_bytes=7813 sc_bytes=52385 proxy_action=ssl-inspect ssl_bump=bump"
10.10.1.32 - MERIDIANHCS\priya.patel [18/Mar/2024:15:47:13 +0000] "CONNECT cdn.onenote.net:443 HTTP/1.1" 200 182 "-" "Mozilla/5.0 (Windows NT 10.0; Win64; x64) AppleWebKit/537.36 (KHTML, like Gecko) Chrome/121.0.0.0 Safari/537.36" "cs_bytes=489 sc_bytes=182 proxy_action=tunnel-setup ssl_bump=peek"
10.10.1.32 - MERIDIANHCS\priya.patel [18/Mar/2024:15:47:13 +0000] "GET https://cdn.onenote.net/shared/1.0/content/images/microsoft_logo.png HTTP/1.1" 200 115420 "https://login.microsoftonline.com/common/oauth2/v2.0/authorize" "Mozilla/5.0 (Windows NT 10.0; Win64; x64) AppleWebKit/537.36 (KHTML, like Gecko) Chrome/121.0.0.0 Safari/537.36" "cs_bytes=297 sc_bytes=115420 proxy_action=ssl-inspect ssl_bump=bump"
10.10.1.32 - MERIDIANHCS\priya.patel [18/Mar/2024:15:47:13 +0000] "GET https://login.microsoftonline.com/favicon.ico HTTP/1.1" 200 1080 "https://login.microsoftonline.com/common/oauth2/v2.0/authorize" "Mozilla/5.0 (Windows NT 10.0; Win64; x64) AppleWebKit/537.36 (KHTML, like Gecko) Chrome/121.0.0.0 Safari/537.36" "cs_bytes=104 sc_bytes=1080 proxy_action=ssl-inspect ssl_bump=bump"
10.10.1.32 - MERIDIANHCS\priya.patel [18/Mar/2024:15:47:14 +0000] "GET https://login.microsoftonline.com/common/discovery/instance HTTP/1.1" 200 38526 "https://login.microsoftonline.com/common/oauth2/v2.0/authorize" "Mozilla/5.0 (Windows NT 10.0; Win64; x64) AppleWebKit/537.36 (KHTML, like Gecko) Chrome/121.0.0.0 Safari/537.36" "cs_bytes=239 sc_bytes=38526 proxy_action=ssl-inspect ssl_bump=bump"
10.10.1.32 - MERIDIANHCS\priya.patel [18/Mar/2024:15:47:14 +0000] "GET https://login.microsoftonline.com/shared/1.0/content/js/ConvergedLogin_PCore.js HTTP/1.1" 200 88666 "https://login.microsoftonline.com/common/oauth2/v2.0/authorize" "Mozilla/5.0 (Windows NT 10.0; Win64; x64) AppleWebKit/537.36 (KHTML, like Gecko) Chrome/121.0.0.0 Safari/537.36" "cs_bytes=111 sc_bytes=88666 proxy_action=ssl-inspect ssl_bump=bump"
10.10.1.32 - MERIDIANHCS\priya.patel [18/Mar/2024:15:47:15 +0000] "CONNECT res.cdn.office.net:443 HTTP/1.1" 200 111 "-" "Mozilla/5.0 (Windows NT 10.0; Win64; x64) AppleWebKit/537.36 (KHTML, like Gecko) Chrome/121.0.0.0 Safari/537.36" "cs_bytes=381 sc_bytes=111 proxy_action=tunnel-setup ssl_bump=peek"
10.10.1.32 - MERIDIANHCS\priya.patel [18/Mar/2024:15:47:15 +0000] "GET https://res.cdn.office.net/shared/1.0/content/css/converged_login.css HTTP/1.1" 304 186 "https://login.microsoftonline.com/common/oauth2/v2.0/authorize" "Mozilla/5.0 (Windows NT 10.0; Win64; x64) AppleWebKit/537.36 (KHTML, like Gecko) Chrome/121.0.0.0 Safari/537.36" "cs_bytes=274 sc_bytes=186 proxy_action=ssl-inspect ssl_bump=bump"
10.10.1.32 - MERIDIANHCS\priya.patel [18/Mar/2024:15:47:15 +0000] "POST https://login.microsoftonline.com/common/oauth2/v2.0/token HTTP/1.1" 200 33802 "https://login.microsoftonline.com/common/oauth2/v2.0/authorize" "Mozilla/5.0 (Windows NT 10.0; Win64; x64) AppleWebKit/537.36 (KHTML, like Gecko) Chrome/121.0.0.0 Safari/537.36" "cs_bytes=7508 sc_bytes=33802 proxy_action=ssl-inspect ssl_bump=bump"
10.10.2.26 - - [18/Mar/2024:15:48:34 +0000] "CONNECT cdn.statuspage.net:443 HTTP/1.1" 200 161 "-" "python-requests/2.31.0" "cs_bytes=279 sc_bytes=161 proxy_action=tunnel"
10.10.2.25 - - [18/Mar/2024:15:49:00 +0000] "CONNECT changelogs.ubuntu.com:443 HTTP/1.1" 200 118 "-" "Debian APT-HTTP/1.3 (2.4.11)" "cs_bytes=480 sc_bytes=118 proxy_action=tunnel"
10.10.1.22 - omar.haddad@meridianhcs.local [18/Mar/2024:15:49:34 +0000] "CONNECT www.office.com:443 HTTP/1.1" 200 247 "-" "Mozilla/5.0 (X11; Ubuntu; Linux x86_64; rv:121.0) Gecko/20100101 Firefox/121.0" "cs_bytes=415 sc_bytes=247 proxy_action=tunnel"
10.10.1.21 - lina.nguyen@meridianhcs.local [18/Mar/2024:15:49:52 +0000] "CONNECT ssh.github.com:443 HTTP/1.1" 200 156 "-" "Mozilla/5.0 (X11; Linux x86_64) AppleWebKit/537.36 (KHTML, like Gecko) Chrome/120.0.0.0 Safari/537.36" "cs_bytes=434 sc_bytes=156 proxy_action=tunnel"
10.10.1.31 - MERIDIANHCS\marcus.chen [18/Mar/2024:15:49:53 +0000] "CONNECT graph.microsoft.com:443 HTTP/1.1" 200 186 "-" "Mozilla/5.0 (Windows NT 10.0; Win64; x64; rv:121.0) Gecko/20100101 Firefox/121.0" "cs_bytes=287 sc_bytes=186 proxy_action=tunnel"
10.10.1.21 - lina.nguyen@meridianhcs.local [18/Mar/2024:15:49:58 +0000] "CONNECT github.com:443 HTTP/1.1" 200 221 "-" "Mozilla/5.0 (X11; Linux x86_64) AppleWebKit/537.36 (KHTML, like Gecko) Chrome/120.0.0.0 Safari/537.36" "cs_bytes=231 sc_bytes=221 proxy_action=tunnel"
10.10.1.32 - MERIDIANHCS\priya.patel [18/Mar/2024:15:49:59 +0000] "CONNECT sharepoint.com:443 HTTP/1.1" 200 167 "-" "Mozilla/5.0 (Windows NT 10.0; Win64; x64) AppleWebKit/537.36 (KHTML, like Gecko) Chrome/121.0.0.0 Safari/537.36" "cs_bytes=329 sc_bytes=167 proxy_action=tunnel-setup ssl_bump=peek"
10.10.1.32 - MERIDIANHCS\priya.patel [18/Mar/2024:15:49:59 +0000] "GET https://sharepoint.com/sites/intranet/SitePages/Home.aspx HTTP/1.1" 200 47798 "-" "Mozilla/5.0 (Windows NT 10.0; Win64; x64) AppleWebKit/537.36 (KHTML, like Gecko) Chrome/121.0.0.0 Safari/537.36" "cs_bytes=433 sc_bytes=47798 proxy_action=ssl-inspect ssl_bump=bump"
10.10.1.32 - MERIDIANHCS\priya.patel [18/Mar/2024:15:50:00 +0000] "CONNECT spoprod-a.akamaihd.net:443 HTTP/1.1" 200 145 "-" "Mozilla/5.0 (Windows NT 10.0; Win64; x64) AppleWebKit/537.36 (KHTML, like Gecko) Chrome/121.0.0.0 Safari/537.36" "cs_bytes=329 sc_bytes=145 proxy_action=tunnel-setup ssl_bump=peek"
10.10.1.32 - MERIDIANHCS\priya.patel [18/Mar/2024:15:50:00 +0000] "GET https://spoprod-a.akamaihd.net/bld/_layouts/15/cc2f43a913bb5149/init.js HTTP/1.1" 200 37165 "https://sharepoint.com/sites/intranet/SitePages/Home.aspx" "Mozilla/5.0 (Windows NT 10.0; Win64; x64) AppleWebKit/537.36 (KHTML, like Gecko) Chrome/121.0.0.0 Safari/537.36" "cs_bytes=663 sc_bytes=37165 proxy_action=ssl-inspect ssl_bump=bump"
10.10.1.32 - MERIDIANHCS\priya.patel [18/Mar/2024:15:50:01 +0000] "GET https://graph.microsoft.com/officehub/681afc86b29d0731/images/ms-logo.png HTTP/1.1" 200 134424 "https://sharepoint.com/sites/intranet/SitePages/Home.aspx" "Mozilla/5.0 (Windows NT 10.0; Win64; x64) AppleWebKit/537.36 (KHTML, like Gecko) Chrome/121.0.0.0 Safari/537.36" "cs_bytes=540 sc_bytes=134424 proxy_action=ssl-inspect ssl_bump=bump"
10.10.1.32 - MERIDIANHCS\priya.patel [18/Mar/2024:15:50:01 +0000] "GET https://sharepoint.com/bld/_layouts/15/3cac53b74bb6c348/styles/fabric.css HTTP/1.1" 200 16617 "https://sharepoint.com/sites/intranet/SitePages/Home.aspx" "Mozilla/5.0 (Windows NT 10.0; Win64; x64) AppleWebKit/537.36 (KHTML, like Gecko) Chrome/121.0.0.0 Safari/537.36" "cs_bytes=259 sc_bytes=16617 proxy_action=ssl-inspect ssl_bump=bump"
10.10.1.32 - MERIDIANHCS\priya.patel [18/Mar/2024:15:50:01 +0000] "GET https://sharepoint.com/favicon.ico HTTP/1.1" 200 1066 "https://sharepoint.com/sites/intranet/SitePages/Home.aspx" "Mozilla/5.0 (Windows NT 10.0; Win64; x64) AppleWebKit/537.36 (KHTML, like Gecko) Chrome/121.0.0.0 Safari/537.36" "cs_bytes=225 sc_bytes=1066 proxy_action=ssl-inspect ssl_bump=bump"
10.10.1.32 - MERIDIANHCS\priya.patel [18/Mar/2024:15:50:16 +0000] "GET https://sharepoint.com/_api/web/lists HTTP/1.1" 200 59226 "https://sharepoint.com/sites/intranet/SitePages/Home.aspx" "Mozilla/5.0 (Windows NT 10.0; Win64; x64) AppleWebKit/537.36 (KHTML, like Gecko) Chrome/121.0.0.0 Safari/537.36" "cs_bytes=686 sc_bytes=59226 proxy_action=ssl-inspect ssl_bump=bump"
10.10.1.32 - MERIDIANHCS\priya.patel [18/Mar/2024:15:50:19 +0000] "GET https://sharepoint.com/favicon.ico HTTP/1.1" 200 1017 "https://sharepoint.com/_api/web/lists" "Mozilla/5.0 (Windows NT 10.0; Win64; x64) AppleWebKit/537.36 (KHTML, like Gecko) Chrome/121.0.0.0 Safari/537.36" "cs_bytes=316 sc_bytes=1017 proxy_action=ssl-inspect ssl_bump=bump"
10.10.1.32 - MERIDIANHCS\priya.patel [18/Mar/2024:15:50:20 +0000] "GET https://sharepoint.com/_api/web/lists?$select=Title,Id HTTP/1.1" 200 1692 "https://sharepoint.com/_api/web/lists" "Mozilla/5.0 (Windows NT 10.0; Win64; x64) AppleWebKit/537.36 (KHTML, like Gecko) Chrome/121.0.0.0 Safari/537.36" "cs_bytes=106 sc_bytes=1692 proxy_action=ssl-inspect ssl_bump=bump"
10.10.1.31 - MERIDIANHCS\marcus.chen [18/Mar/2024:15:50:21 +0000] "CONNECT scontent.xx.fbcdn.net:443 HTTP/1.1" 200 100 "-" "Mozilla/5.0 (Windows NT 10.0; Win64; x64; rv:121.0) Gecko/20100101 Firefox/121.0" "cs_bytes=292 sc_bytes=100 proxy_action=tunnel"
10.10.1.32 - MERIDIANHCS\priya.patel [18/Mar/2024:15:50:21 +0000] "GET https://sharepoint.com/sites/intranet/SitePages/Home.aspx HTTP/1.1" 200 44333 "https://sharepoint.com/_api/web/lists" "Mozilla/5.0 (Windows NT 10.0; Win64; x64) AppleWebKit/537.36 (KHTML, like Gecko) Chrome/121.0.0.0 Safari/537.36" "cs_bytes=448 sc_bytes=44333 proxy_action=ssl-inspect ssl_bump=bump"
10.10.1.32 - MERIDIANHCS\priya.patel [18/Mar/2024:15:50:23 +0000] "CONNECT onedrive.live.com:443 HTTP/1.1" 200 245 "-" "Mozilla/5.0 (Windows NT 10.0; Win64; x64) AppleWebKit/537.36 (KHTML, like Gecko) Chrome/121.0.0.0 Safari/537.36" "cs_bytes=504 sc_bytes=245 proxy_action=tunnel-setup ssl_bump=peek"
10.10.1.32 - MERIDIANHCS\priya.patel [18/Mar/2024:15:50:23 +0000] "GET https://onedrive.live.com/bld/_layouts/15/3cac53b74bb6c348/styles/fabric.css HTTP/1.1" 304 113 "https://sharepoint.com/sites/intranet/SitePages/Home.aspx" "Mozilla/5.0 (Windows NT 10.0; Win64; x64) AppleWebKit/537.36 (KHTML, like Gecko) Chrome/121.0.0.0 Safari/537.36" "cs_bytes=194 sc_bytes=113 proxy_action=ssl-inspect ssl_bump=bump"
10.10.1.32 - MERIDIANHCS\priya.patel [18/Mar/2024:15:50:23 +0000] "GET https://onedrive.live.com/officehub/681afc86b29d0731/images/ms-logo.png HTTP/1.1" 304 179 "https://sharepoint.com/sites/intranet/SitePages/Home.aspx" "Mozilla/5.0 (Windows NT 10.0; Win64; x64) AppleWebKit/537.36 (KHTML, like Gecko) Chrome/121.0.0.0 Safari/537.36" "cs_bytes=130 sc_bytes=179 proxy_action=ssl-inspect ssl_bump=bump"
10.10.1.32 - MERIDIANHCS\priya.patel [18/Mar/2024:15:50:23 +0000] "GET https://static.sharepointonline.com/bld/_layouts/15/cc2f43a913bb5149/init.js HTTP/1.1" 200 37251 "https://sharepoint.com/sites/intranet/SitePages/Home.aspx" "Mozilla/5.0 (Windows NT 10.0; Win64; x64) AppleWebKit/537.36 (KHTML, like Gecko) Chrome/121.0.0.0 Safari/537.36" "cs_bytes=317 sc_bytes=37251 proxy_action=ssl-inspect ssl_bump=bump"
10.10.1.32 - MERIDIANHCS\priya.patel [18/Mar/2024:15:50:24 +0000] "GET https://sharepoint.com/favicon.ico HTTP/1.1" 304 192 "https://sharepoint.com/sites/intranet/SitePages/Home.aspx" "Mozilla/5.0 (Windows NT 10.0; Win64; x64) AppleWebKit/537.36 (KHTML, like Gecko) Chrome/121.0.0.0 Safari/537.36" "cs_bytes=266 sc_bytes=192 proxy_action=ssl-inspect ssl_bump=bump"
10.10.1.21 - lina.nguyen@meridianhcs.local [18/Mar/2024:15:50:38 +0000] "CONNECT gist.github.com:443 HTTP/1.1" 200 219 "-" "Mozilla/5.0 (X11; Linux x86_64) AppleWebKit/537.36 (KHTML, like Gecko) Chrome/120.0.0.0 Safari/537.36" "cs_bytes=244 sc_bytes=219 proxy_action=tunnel"
10.10.1.32 - MERIDIANHCS\priya.patel [18/Mar/2024:15:50:42 +0000] "GET https://sharepoint.com/_api/web/lists HTTP/1.1" 200 75536 "https://sharepoint.com/sites/intranet/SitePages/Home.aspx" "Mozilla/5.0 (Windows NT 10.0; Win64; x64) AppleWebKit/537.36 (KHTML, like Gecko) Chrome/121.0.0.0 Safari/537.36" "cs_bytes=569 sc_bytes=75536 proxy_action=ssl-inspect ssl_bump=bump"
10.10.1.32 - MERIDIANHCS\priya.patel [18/Mar/2024:15:50:44 +0000] "GET https://sharepoint.com/favicon.ico HTTP/1.1" 200 1028 "https://sharepoint.com/_api/web/lists" "Mozilla/5.0 (Windows NT 10.0; Win64; x64) AppleWebKit/537.36 (KHTML, like Gecko) Chrome/121.0.0.0 Safari/537.36" "cs_bytes=170 sc_bytes=1028 proxy_action=ssl-inspect ssl_bump=bump"
10.10.1.32 - MERIDIANHCS\priya.patel [18/Mar/2024:15:50:45 +0000] "GET https://sharepoint.com/_api/web/lists?$select=Title,Id HTTP/1.1" 200 6304 "https://sharepoint.com/_api/web/lists" "Mozilla/5.0 (Windows NT 10.0; Win64; x64) AppleWebKit/537.36 (KHTML, like Gecko) Chrome/121.0.0.0 Safari/537.36" "cs_bytes=146 sc_bytes=6304 proxy_action=ssl-inspect ssl_bump=bump"
10.10.1.21 - lina.nguyen@meridianhcs.local [18/Mar/2024:15:50:49 +0000] "CONNECT avatars.githubusercontent.com:443 HTTP/1.1" 200 125 "-" "python-requests/2.31.0" "cs_bytes=287 sc_bytes=125 proxy_action=tunnel"
10.10.1.32 - - [18/Mar/2024:15:51:02 +0000] "CONNECT ctldl.windowsupdate.com:443 HTTP/1.1" 200 124 "-" "Microsoft-CryptoAPI/10.0" "cs_bytes=331 sc_bytes=124 proxy_action=tunnel"
10.10.2.10 - - [18/Mar/2024:15:51:31 +0000] "CONNECT ctldl.windowsupdate.com:443 HTTP/1.1" 200 176 "-" "Microsoft-CryptoAPI/10.0" "cs_bytes=216 sc_bytes=176 proxy_action=tunnel"
10.10.1.32 - MERIDIANHCS\priya.patel [18/Mar/2024:15:52:04 +0000] "CONNECT cdn.tableau.com:443 HTTP/1.1" 403 1019 "-" "Mozilla/5.0 (Windows NT 10.0; Win64; x64; rv:121.0) Gecko/20100101 Firefox/121.0" "cs_bytes=279 sc_bytes=1019 proxy_action=deny ssl_bump=terminate"
10.10.1.36 - MERIDIANHCS\sophia.martinez [18/Mar/2024:15:52:06 +0000] "CONNECT onenote.officeapps.live.com:443 HTTP/1.1" 200 217 "-" "Mozilla/5.0 (Windows NT 10.0; Win64; x64) AppleWebKit/537.36 (KHTML, like Gecko) Chrome/120.0.0.0 Safari/537.36" "cs_bytes=215 sc_bytes=217 proxy_action=tunnel-setup ssl_bump=peek"
10.10.1.36 - MERIDIANHCS\sophia.martinez [18/Mar/2024:15:52:06 +0000] "GET https://onenote.officeapps.live.com/o/onenoteframe.aspx?ui=en-us&rs=en-us HTTP/1.1" 200 70595 "-" "Mozilla/5.0 (Windows NT 10.0; Win64; x64) AppleWebKit/537.36 (KHTML, like Gecko) Chrome/120.0.0.0 Safari/537.36" "cs_bytes=481 sc_bytes=70595 proxy_action=ssl-inspect ssl_bump=bump"
10.10.1.36 - MERIDIANHCS\sophia.martinez [18/Mar/2024:15:52:08 +0000] "CONNECT onedrive.live.com:443 HTTP/1.1" 200 137 "-" "Mozilla/5.0 (Windows NT 10.0; Win64; x64) AppleWebKit/537.36 (KHTML, like Gecko) Chrome/120.0.0.0 Safari/537.36" "cs_bytes=405 sc_bytes=137 proxy_action=tunnel-setup ssl_bump=peek"
10.10.1.36 - MERIDIANHCS\sophia.martinez [18/Mar/2024:15:52:08 +0000] "CONNECT static.sharepointonline.com:443 HTTP/1.1" 200 181 "-" "Mozilla/5.0 (Windows NT 10.0; Win64; x64) AppleWebKit/537.36 (KHTML, like Gecko) Chrome/120.0.0.0 Safari/537.36" "cs_bytes=406 sc_bytes=181 proxy_action=tunnel-setup ssl_bump=peek"
10.10.1.36 - MERIDIANHCS\sophia.martinez [18/Mar/2024:15:52:08 +0000] "CONNECT static.sharepointonline.com:443 HTTP/1.1" 200 231 "-" "Mozilla/5.0 (Windows NT 10.0; Win64; x64) AppleWebKit/537.36 (KHTML, like Gecko) Chrome/120.0.0.0 Safari/537.36" "cs_bytes=489 sc_bytes=231 proxy_action=tunnel-setup ssl_bump=peek"
10.10.1.36 - MERIDIANHCS\sophia.martinez [18/Mar/2024:15:52:08 +0000] "GET https://onedrive.live.com/o/6b1a38ec04a6a276/styles/onenote.css HTTP/1.1" 200 12828 "https://onenote.officeapps.live.com/o/onenoteframe.aspx?ui=en-us&rs=en-us" "Mozilla/5.0 (Windows NT 10.0; Win64; x64) AppleWebKit/537.36 (KHTML, like Gecko) Chrome/120.0.0.0 Safari/537.36" "cs_bytes=1042 sc_bytes=12828 proxy_action=ssl-inspect ssl_bump=bump"
10.10.1.36 - MERIDIANHCS\sophia.martinez [18/Mar/2024:15:52:08 +0000] "GET https://onenote.officeapps.live.com/favicon.ico HTTP/1.1" 206 806 "https://onenote.officeapps.live.com/o/onenoteframe.aspx?ui=en-us&rs=en-us" "Mozilla/5.0 (Windows NT 10.0; Win64; x64) AppleWebKit/537.36 (KHTML, like Gecko) Chrome/120.0.0.0 Safari/537.36" "cs_bytes=230 sc_bytes=806 proxy_action=ssl-inspect ssl_bump=bump"
10.10.1.36 - MERIDIANHCS\sophia.martinez [18/Mar/2024:15:52:08 +0000] "GET https://static.sharepointonline.com/o/1817678f77f1eca8/scripts/onenote-main.js HTTP/1.1" 200 159102 "https://onenote.officeapps.live.com/o/onenoteframe.aspx?ui=en-us&rs=en-us" "Mozilla/5.0 (Windows NT 10.0; Win64; x64) AppleWebKit/537.36 (KHTML, like Gecko) Chrome/120.0.0.0 Safari/537.36" "cs_bytes=186 sc_bytes=159102 proxy_action=ssl-inspect ssl_bump=bump"
10.10.1.36 - MERIDIANHCS\sophia.martinez [18/Mar/2024:15:52:08 +0000] "GET https://static.sharepointonline.com/onenote/3a8d1b2720288257/images/onenote-logo.png HTTP/1.1" 200 69038 "https://onenote.officeapps.live.com/o/onenoteframe.aspx?ui=en-us&rs=en-us" "Mozilla/5.0 (Windows NT 10.0; Win64; x64) AppleWebKit/537.36 (KHTML, like Gecko) Chrome/120.0.0.0 Safari/537.36" "cs_bytes=552 sc_bytes=69038 proxy_action=ssl-inspect ssl_bump=bump"
10.10.1.36 - MERIDIANHCS\sophia.martinez [18/Mar/2024:15:52:26 +0000] "GET https://onenote.officeapps.live.com/o/onenoteframe.aspx?edit=0&1ce533fc97fbeb93 HTTP/1.1" 200 28850 "https://onenote.officeapps.live.com/o/onenoteframe.aspx?ui=en-us&rs=en-us" "Mozilla/5.0 (Windows NT 10.0; Win64; x64) AppleWebKit/537.36 (KHTML, like Gecko) Chrome/120.0.0.0 Safari/537.36" "cs_bytes=583 sc_bytes=28850 proxy_action=ssl-inspect ssl_bump=bump"
10.10.1.36 - MERIDIANHCS\sophia.martinez [18/Mar/2024:15:52:28 +0000] "CONNECT c1-onenote-15.cdn.office.net:443 HTTP/1.1" 200 127 "-" "Mozilla/5.0 (Windows NT 10.0; Win64; x64) AppleWebKit/537.36 (KHTML, like Gecko) Chrome/120.0.0.0 Safari/537.36" "cs_bytes=389 sc_bytes=127 proxy_action=tunnel-setup ssl_bump=peek"
10.10.1.36 - MERIDIANHCS\sophia.martinez [18/Mar/2024:15:52:28 +0000] "GET https://c1-onenote-15.cdn.office.net/o/54d8bc120f829b35/scripts/onenote-editor.js HTTP/1.1" 304 143 "https://onenote.officeapps.live.com/o/onenoteframe.aspx?edit=0&1ce533fc97fbeb93" "Mozilla/5.0 (Windows NT 10.0; Win64; x64) AppleWebKit/537.36 (KHTML, like Gecko) Chrome/120.0.0.0 Safari/537.36" "cs_bytes=223 sc_bytes=143 proxy_action=ssl-inspect ssl_bump=bump"
10.10.1.36 - MERIDIANHCS\sophia.martinez [18/Mar/2024:15:52:29 +0000] "GET https://onenote.officeapps.live.com/favicon.ico HTTP/1.1" 200 1105 "https://onenote.officeapps.live.com/o/onenoteframe.aspx?edit=0&1ce533fc97fbeb93" "Mozilla/5.0 (Windows NT 10.0; Win64; x64) AppleWebKit/537.36 (KHTML, like Gecko) Chrome/120.0.0.0 Safari/537.36" "cs_bytes=151 sc_bytes=1105 proxy_action=ssl-inspect ssl_bump=bump"
10.10.1.32 - - [18/Mar/2024:15:52:30 +0000] "CONNECT arc.msn.com:443 HTTP/1.1" 200 163 "-" "Microsoft-WNS/10.0" "cs_bytes=442 sc_bytes=163 proxy_action=tunnel"
10.10.1.36 - MERIDIANHCS\sophia.martinez [18/Mar/2024:15:52:30 +0000] "GET https://onenote.officeapps.live.com/api/v1.0/me/notes/sections HTTP/1.1" 200 27618 "https://onenote.officeapps.live.com/o/onenoteframe.aspx?edit=0&1ce533fc97fbeb93" "Mozilla/5.0 (Windows NT 10.0; Win64; x64) AppleWebKit/537.36 (KHTML, like Gecko) Chrome/120.0.0.0 Safari/537.36" "cs_bytes=200 sc_bytes=27618 proxy_action=ssl-inspect ssl_bump=bump"
10.10.1.36 - MERIDIANHCS\sophia.martinez [18/Mar/2024:15:52:54 +0000] "GET https://onenote.officeapps.live.com/o/onenoteframe.aspx?ui=en-us&rs=en-us HTTP/1.1" 200 37625 "https://onenote.officeapps.live.com/o/onenoteframe.aspx?edit=0&1ce533fc97fbeb93" "Mozilla/5.0 (Windows NT 10.0; Win64; x64) AppleWebKit/537.36 (KHTML, like Gecko) Chrome/120.0.0.0 Safari/537.36" "cs_bytes=384 sc_bytes=37625 proxy_action=ssl-inspect ssl_bump=bump"
10.10.1.36 - MERIDIANHCS\sophia.martinez [18/Mar/2024:15:52:56 +0000] "GET https://onedrive.live.com/o/1817678f77f1eca8/scripts/onenote-main.js HTTP/1.1" 200 159164 "https://onenote.officeapps.live.com/o/onenoteframe.aspx?ui=en-us&rs=en-us" "Mozilla/5.0 (Windows NT 10.0; Win64; x64) AppleWebKit/537.36 (KHTML, like Gecko) Chrome/120.0.0.0 Safari/537.36" "cs_bytes=270 sc_bytes=159164 proxy_action=ssl-inspect ssl_bump=bump"
10.10.1.36 - MERIDIANHCS\sophia.martinez [18/Mar/2024:15:52:57 +0000] "CONNECT cdn.onenote.net:443 HTTP/1.1" 200 156 "-" "Mozilla/5.0 (Windows NT 10.0; Win64; x64) AppleWebKit/537.36 (KHTML, like Gecko) Chrome/120.0.0.0 Safari/537.36" "cs_bytes=255 sc_bytes=156 proxy_action=tunnel-setup ssl_bump=peek"
10.10.1.36 - MERIDIANHCS\sophia.martinez [18/Mar/2024:15:52:57 +0000] "GET https://cdn.onenote.net/o/6b1a38ec04a6a276/styles/onenote.css HTTP/1.1" 200 12991 "https://onenote.officeapps.live.com/o/onenoteframe.aspx?ui=en-us&rs=en-us" "Mozilla/5.0 (Windows NT 10.0; Win64; x64) AppleWebKit/537.36 (KHTML, like Gecko) Chrome/120.0.0.0 Safari/537.36" "cs_bytes=212 sc_bytes=12991 proxy_action=ssl-inspect ssl_bump=bump"
10.10.1.36 - MERIDIANHCS\sophia.martinez [18/Mar/2024:15:52:57 +0000] "GET https://onenote.officeapps.live.com/favicon.ico HTTP/1.1" 200 1011 "https://onenote.officeapps.live.com/o/onenoteframe.aspx?ui=en-us&rs=en-us" "Mozilla/5.0 (Windows NT 10.0; Win64; x64) AppleWebKit/537.36 (KHTML, like Gecko) Chrome/120.0.0.0 Safari/537.36" "cs_bytes=301 sc_bytes=1011 proxy_action=ssl-inspect ssl_bump=bump"
10.10.1.36 - MERIDIANHCS\sophia.martinez [18/Mar/2024:15:52:58 +0000] "CONNECT spoprod-a.akamaihd.net:443 HTTP/1.1" 200 173 "-" "Mozilla/5.0 (Windows NT 10.0; Win64; x64) AppleWebKit/537.36 (KHTML, like Gecko) Chrome/120.0.0.0 Safari/537.36" "cs_bytes=370 sc_bytes=173 proxy_action=tunnel-setup ssl_bump=peek"
10.10.1.36 - MERIDIANHCS\sophia.martinez [18/Mar/2024:15:52:58 +0000] "GET https://spoprod-a.akamaihd.net/onenote/3a8d1b2720288257/images/onenote-logo.png HTTP/1.1" 304 112 "https://onenote.officeapps.live.com/o/onenoteframe.aspx?ui=en-us&rs=en-us" "Mozilla/5.0 (Windows NT 10.0; Win64; x64) AppleWebKit/537.36 (KHTML, like Gecko) Chrome/120.0.0.0 Safari/537.36" "cs_bytes=163 sc_bytes=112 proxy_action=ssl-inspect ssl_bump=bump"
10.10.1.21 - lina.nguyen@meridianhcs.local [18/Mar/2024:15:53:06 +0000] "CONNECT online.tableau.com:443 HTTP/1.1" 200 126 "-" "Mozilla/5.0 (X11; Linux x86_64) AppleWebKit/537.36 (KHTML, like Gecko) Chrome/120.0.0.0 Safari/537.36" "cs_bytes=390 sc_bytes=126 proxy_action=tunnel"
10.10.1.36 - MERIDIANHCS\sophia.martinez [18/Mar/2024:15:53:14 +0000] "GET https://onenote.officeapps.live.com/o/onenoteframe.aspx?edit=0&1ce533fc97fbeb93 HTTP/1.1" 200 44323 "https://onenote.officeapps.live.com/o/onenoteframe.aspx?ui=en-us&rs=en-us" "Mozilla/5.0 (Windows NT 10.0; Win64; x64) AppleWebKit/537.36 (KHTML, like Gecko) Chrome/120.0.0.0 Safari/537.36" "cs_bytes=458 sc_bytes=44323 proxy_action=ssl-inspect ssl_bump=bump"
10.10.1.36 - MERIDIANHCS\sophia.martinez [18/Mar/2024:15:53:17 +0000] "CONNECT graph.microsoft.com:443 HTTP/1.1" 200 93 "-" "Mozilla/5.0 (Windows NT 10.0; Win64; x64) AppleWebKit/537.36 (KHTML, like Gecko) Chrome/120.0.0.0 Safari/537.36" "cs_bytes=364 sc_bytes=93 proxy_action=tunnel-setup ssl_bump=peek"
10.10.1.36 - MERIDIANHCS\sophia.martinez [18/Mar/2024:15:53:17 +0000] "GET https://graph.microsoft.com/o/54d8bc120f829b35/scripts/onenote-editor.js HTTP/1.1" 200 139674 "https://onenote.officeapps.live.com/o/onenoteframe.aspx?edit=0&1ce533fc97fbeb93" "Mozilla/5.0 (Windows NT 10.0; Win64; x64) AppleWebKit/537.36 (KHTML, like Gecko) Chrome/120.0.0.0 Safari/537.36" "cs_bytes=213 sc_bytes=139674 proxy_action=ssl-inspect ssl_bump=bump"
10.10.1.36 - MERIDIANHCS\sophia.martinez [18/Mar/2024:15:53:17 +0000] "GET https://onenote.officeapps.live.com/api/v1.0/me/notes/sections HTTP/1.1" 200 820 "https://onenote.officeapps.live.com/o/onenoteframe.aspx?edit=0&1ce533fc97fbeb93" "Mozilla/5.0 (Windows NT 10.0; Win64; x64) AppleWebKit/537.36 (KHTML, like Gecko) Chrome/120.0.0.0 Safari/537.36" "cs_bytes=297 sc_bytes=820 proxy_action=ssl-inspect ssl_bump=bump"
10.10.1.36 - MERIDIANHCS\sophia.martinez [18/Mar/2024:15:53:18 +0000] "GET https://onenote.officeapps.live.com/favicon.ico HTTP/1.1" 200 996 "https://onenote.officeapps.live.com/o/onenoteframe.aspx?edit=0&1ce533fc97fbeb93" "Mozilla/5.0 (Windows NT 10.0; Win64; x64) AppleWebKit/537.36 (KHTML, like Gecko) Chrome/120.0.0.0 Safari/537.36" "cs_bytes=274 sc_bytes=996 proxy_action=ssl-inspect ssl_bump=bump"
10.10.1.33 - MERIDIANHCS\evelyn.brooks [18/Mar/2024:15:53:36 +0000] "CONNECT login.microsoftonline.com:443 HTTP/1.1" 200 152 "-" "Mozilla/5.0 (Windows NT 10.0; Win64; x64; rv:120.0) Gecko/20100101 Firefox/120.0" "cs_bytes=228 sc_bytes=152 proxy_action=tunnel-setup ssl_bump=peek"
10.10.1.33 - MERIDIANHCS\evelyn.brooks [18/Mar/2024:15:53:36 +0000] "GET https://login.microsoftonline.com/common/oauth2/v2.0/authorize HTTP/1.1" 200 10751 "-" "Mozilla/5.0 (Windows NT 10.0; Win64; x64; rv:120.0) Gecko/20100101 Firefox/120.0" "cs_bytes=676 sc_bytes=10751 proxy_action=ssl-inspect ssl_bump=bump"
10.10.1.33 - MERIDIANHCS\evelyn.brooks [18/Mar/2024:15:53:37 +0000] "GET https://login.microsoftonline.com/favicon.ico HTTP/1.1" 200 1066 "https://login.microsoftonline.com/common/oauth2/v2.0/authorize" "Mozilla/5.0 (Windows NT 10.0; Win64; x64; rv:120.0) Gecko/20100101 Firefox/120.0" "cs_bytes=185 sc_bytes=1066 proxy_action=ssl-inspect ssl_bump=bump"
10.10.1.33 - MERIDIANHCS\evelyn.brooks [18/Mar/2024:15:53:38 +0000] "CONNECT r1.res.office365.com:443 HTTP/1.1" 200 155 "-" "Mozilla/5.0 (Windows NT 10.0; Win64; x64; rv:120.0) Gecko/20100101 Firefox/120.0" "cs_bytes=397 sc_bytes=155 proxy_action=tunnel-setup ssl_bump=peek"
10.10.1.33 - MERIDIANHCS\evelyn.brooks [18/Mar/2024:15:53:38 +0000] "GET https://login.microsoftonline.com/common/discovery/instance HTTP/1.1" 200 27557 "https://login.microsoftonline.com/common/oauth2/v2.0/authorize" "Mozilla/5.0 (Windows NT 10.0; Win64; x64; rv:120.0) Gecko/20100101 Firefox/120.0" "cs_bytes=138 sc_bytes=27557 proxy_action=ssl-inspect ssl_bump=bump"
10.10.1.33 - MERIDIANHCS\evelyn.brooks [18/Mar/2024:15:53:38 +0000] "GET https://r1.res.office365.com/shared/1.0/content/images/microsoft_logo.png HTTP/1.1" 200 115378 "https://login.microsoftonline.com/common/oauth2/v2.0/authorize" "Mozilla/5.0 (Windows NT 10.0; Win64; x64; rv:120.0) Gecko/20100101 Firefox/120.0" "cs_bytes=440 sc_bytes=115378 proxy_action=ssl-inspect ssl_bump=bump"
10.10.1.21 - lina.nguyen@meridianhcs.local [18/Mar/2024:15:53:51 +0000] "CONNECT calendar.google.com:443 HTTP/1.1" 200 130 "-" "Mozilla/5.0 (X11; Linux x86_64) AppleWebKit/537.36 (KHTML, like Gecko) Chrome/120.0.0.0 Safari/537.36" "cs_bytes=483 sc_bytes=130 proxy_action=tunnel"
10.10.1.21 - lina.nguyen@meridianhcs.local [18/Mar/2024:15:54:13 +0000] "CONNECT cdn.sstatic.net:443 HTTP/1.1" 200 111 "-" "python-requests/2.31.0" "cs_bytes=516 sc_bytes=111 proxy_action=tunnel"
10.10.1.21 - lina.nguyen@meridianhcs.local [18/Mar/2024:15:54:15 +0000] "CONNECT us06web.zoom.us:443 HTTP/1.1" 200 154 "-" "Mozilla/5.0 (X11; Linux x86_64) AppleWebKit/537.36 (KHTML, like Gecko) Chrome/120.0.0.0 Safari/537.36" "cs_bytes=401 sc_bytes=154 proxy_action=tunnel"
10.10.1.21 - lina.nguyen@meridianhcs.local [18/Mar/2024:15:54:23 +0000] "CONNECT slack.com:443 HTTP/1.1" 200 145 "-" "Mozilla/5.0 (X11; Linux x86_64) AppleWebKit/537.36 (KHTML, like Gecko) Chrome/120.0.0.0 Safari/537.36" "cs_bytes=362 sc_bytes=145 proxy_action=tunnel"
10.10.3.10 - - [18/Mar/2024:15:55:15 +0000] "CONNECT cdn.netscaler.com:443 HTTP/1.1" 200 210 "-" "Wget/1.21.3" "cs_bytes=476 sc_bytes=210 proxy_action=tunnel"
10.10.1.31 - - [18/Mar/2024:15:55:25 +0000] "CONNECT ctldl.windowsupdate.com:443 HTTP/1.1" 403 1153 "-" "Microsoft-CryptoAPI/10.0" "cs_bytes=334 sc_bytes=1153 proxy_action=deny ssl_bump=terminate"
10.10.1.21 - lina.nguyen@meridianhcs.local [18/Mar/2024:15:56:19 +0000] "CONNECT static.patientiq.org:443 HTTP/1.1" 200 180 "-" "python-requests/2.31.0" "cs_bytes=415 sc_bytes=180 proxy_action=tunnel"
10.10.1.22 - - [18/Mar/2024:15:58:46 +0000] "CONNECT changelogs.ubuntu.com:443 HTTP/1.1" 200 112 "-" "Debian APT-HTTP/1.3 (2.4.11)" "cs_bytes=531 sc_bytes=112 proxy_action=tunnel"
10.10.1.33 - MERIDIANHCS\evelyn.brooks [18/Mar/2024:15:59:40 +0000] "CONNECT mail-fin.meridianhcs.com:443 HTTP/1.1" 200 106 "-" "Mozilla/5.0 (Windows NT 10.0; Win64; x64; rv:120.0) Gecko/20100101 Firefox/120.0" "cs_bytes=387 sc_bytes=106 proxy_action=tunnel"
10.10.1.22 - - [18/Mar/2024:16:01:16 +0000] "CONNECT security.ubuntu.com:443 HTTP/1.1" 200 232 "-" "Debian APT-HTTP/1.3 (2.4.11)" "cs_bytes=306 sc_bytes=232 proxy_action=tunnel"
10.10.2.26 - - [18/Mar/2024:16:02:31 +0000] "CONNECT registry.npmjs.org:443 HTTP/1.1" 200 156 "-" "python-requests/2.31.0" "cs_bytes=339 sc_bytes=156 proxy_action=tunnel"
10.10.1.21 - - [18/Mar/2024:16:02:44 +0000] "CONNECT changelogs.ubuntu.com:443 HTTP/1.1" 200 197 "-" "apt-http/2.4.11 (amd64)" "cs_bytes=298 sc_bytes=197 proxy_action=tunnel"
10.10.1.36 - MERIDIANHCS\sophia.martinez [18/Mar/2024:16:04:13 +0000] "CONNECT calendar.google.com:443 HTTP/1.1" 200 169 "-" "Mozilla/5.0 (Windows NT 10.0; Win64; x64) AppleWebKit/537.36 (KHTML, like Gecko) Chrome/120.0.0.0 Safari/537.36" "cs_bytes=343 sc_bytes=169 proxy_action=tunnel"
10.10.1.35 - MERIDIANHCS\aisha.johnson [18/Mar/2024:16:05:23 +0000] "CONNECT fonts.googleapis.com:443 HTTP/1.1" 200 146 "-" "Mozilla/5.0 (Windows NT 10.0; Win64; x64; rv:120.0) Gecko/20100101 Firefox/120.0" "cs_bytes=419 sc_bytes=146 proxy_action=tunnel"
10.10.2.30 - - [18/Mar/2024:16:05:32 +0000] "CONNECT content.loadbalance.io:443 HTTP/1.1" 200 104 "-" "python-requests/2.31.0" "cs_bytes=483 sc_bytes=104 proxy_action=tunnel"
10.10.1.36 - MERIDIANHCS\sophia.martinez [18/Mar/2024:16:05:33 +0000] "CONNECT scontent.xx.fbcdn.net:443 HTTP/1.1" 403 1699 "-" "Mozilla/5.0 (Windows NT 10.0; Win64; x64) AppleWebKit/537.36 (KHTML, like Gecko) Chrome/121.0.0.0 Safari/537.36" "cs_bytes=519 sc_bytes=1699 proxy_action=deny ssl_bump=terminate"
10.10.1.36 - MERIDIANHCS\sophia.martinez [18/Mar/2024:16:05:36 +0000] "CONNECT slack.com:443 HTTP/1.1" 200 191 "-" "Mozilla/5.0 (Windows NT 10.0; Win64; x64) AppleWebKit/537.36 (KHTML, like Gecko) Chrome/120.0.0.0 Safari/537.36" "cs_bytes=216 sc_bytes=191 proxy_action=tunnel-setup ssl_bump=peek"
10.10.1.36 - MERIDIANHCS\sophia.martinez [18/Mar/2024:16:05:36 +0000] "GET https://slack.com/client HTTP/1.1" 200 29818 "-" "Mozilla/5.0 (Windows NT 10.0; Win64; x64) AppleWebKit/537.36 (KHTML, like Gecko) Chrome/120.0.0.0 Safari/537.36" "cs_bytes=382 sc_bytes=29818 proxy_action=ssl-inspect ssl_bump=bump"
10.10.1.36 - MERIDIANHCS\sophia.martinez [18/Mar/2024:16:05:37 +0000] "CONNECT a.slack-edge.com:443 HTTP/1.1" 200 167 "-" "Mozilla/5.0 (Windows NT 10.0; Win64; x64) AppleWebKit/537.36 (KHTML, like Gecko) Chrome/120.0.0.0 Safari/537.36" "cs_bytes=203 sc_bytes=167 proxy_action=tunnel-setup ssl_bump=peek"
10.10.1.36 - MERIDIANHCS\sophia.martinez [18/Mar/2024:16:05:37 +0000] "CONNECT ca.slack-edge.com:443 HTTP/1.1" 200 205 "-" "Mozilla/5.0 (Windows NT 10.0; Win64; x64) AppleWebKit/537.36 (KHTML, like Gecko) Chrome/120.0.0.0 Safari/537.36" "cs_bytes=430 sc_bytes=205 proxy_action=tunnel-setup ssl_bump=peek"
10.10.1.36 - MERIDIANHCS\sophia.martinez [18/Mar/2024:16:05:37 +0000] "GET https://a.slack-edge.com/bv1-13-4cc572db/client-boot-css-4db003369b1840e5.css HTTP/1.1" 304 242 "https://slack.com/client" "Mozilla/5.0 (Windows NT 10.0; Win64; x64) AppleWebKit/537.36 (KHTML, like Gecko) Chrome/120.0.0.0 Safari/537.36" "cs_bytes=465 sc_bytes=242 proxy_action=ssl-inspect ssl_bump=bump"
10.10.1.36 - MERIDIANHCS\sophia.martinez [18/Mar/2024:16:05:37 +0000] "GET https://ca.slack-edge.com/4d4e31ca9c82f4bd/img/slack_hash_256.png HTTP/1.1" 206 82030 "https://slack.com/client" "Mozilla/5.0 (Windows NT 10.0; Win64; x64) AppleWebKit/537.36 (KHTML, like Gecko) Chrome/120.0.0.0 Safari/537.36" "cs_bytes=218 sc_bytes=82030 proxy_action=ssl-inspect ssl_bump=bump"
10.10.1.36 - MERIDIANHCS\sophia.martinez [18/Mar/2024:16:05:38 +0000] "GET https://slack.com/favicon.ico HTTP/1.1" 304 203 "https://slack.com/client" "Mozilla/5.0 (Windows NT 10.0; Win64; x64) AppleWebKit/537.36 (KHTML, like Gecko) Chrome/120.0.0.0 Safari/537.36" "cs_bytes=137 sc_bytes=203 proxy_action=ssl-inspect ssl_bump=bump"
10.10.1.99 - - [18/Mar/2024:16:05:43 +0000] "CONNECT cdn.onenote.net:443 HTTP/1.1" 200 170 "-" "Wget/1.21.3" "cs_bytes=457 sc_bytes=170 proxy_action=tunnel"
10.10.1.34 - - [18/Mar/2024:16:05:47 +0000] "CONNECT ctldl.windowsupdate.com:443 HTTP/1.1" 200 168 "-" "Microsoft-CryptoAPI/10.0" "cs_bytes=505 sc_bytes=168 proxy_action=tunnel"
10.10.1.34 - MERIDIANHCS\diego.ramirez [18/Mar/2024:16:05:47 +0000] "CONNECT media.akamai.net:443 HTTP/1.1" 200 228 "-" "Mozilla/5.0 (Windows NT 10.0; Win64; x64; rv:120.0) Gecko/20100101 Firefox/120.0" "cs_bytes=286 sc_bytes=228 proxy_action=tunnel"
10.10.1.36 - - [18/Mar/2024:16:06:10 +0000] "CONNECT secure-client-updates.cisco.com:443 HTTP/1.1" 200 210 "-" "Cisco Secure Client/5.1.4 Windows" "cs_bytes=352 sc_bytes=210 proxy_action=tunnel"
10.10.2.10 - - [18/Mar/2024:16:06:11 +0000] "GET http://arc.msn.com/v4/Delivery/Placement HTTP/1.1" 200 38141 "-" "Windows-Device-Management/10.0" "cs_bytes=306 sc_bytes=38141 proxy_action=forward"
10.10.1.34 - - [18/Mar/2024:16:06:24 +0000] "CONNECT ctldl.windowsupdate.com:443 HTTP/1.1" 200 202 "-" "Microsoft-CryptoAPI/10.0" "cs_bytes=225 sc_bytes=202 proxy_action=tunnel"
10.10.1.32 - MERIDIANHCS\priya.patel [18/Mar/2024:16:06:35 +0000] "CONNECT fonts.googleapis.com:443 HTTP/1.1" 200 127 "-" "Mozilla/5.0 (Windows NT 10.0; Win64; x64; rv:121.0) Gecko/20100101 Firefox/121.0" "cs_bytes=302 sc_bytes=127 proxy_action=tunnel"
10.10.2.30 - - [18/Mar/2024:16:06:35 +0000] "CONNECT cache.sentry.net:443 HTTP/1.1" 407 290 "-" "python-requests/2.31.0" "cs_bytes=367 sc_bytes=290 proxy_action=auth-required ssl_bump=terminate"
10.10.2.10 - - [18/Mar/2024:16:06:44 +0000] "CONNECT downloads.cloud.com:443 HTTP/1.1" 504 316 "-" "Go-http-client/1.1" "cs_bytes=473 sc_bytes=316 proxy_action=gateway-error ssl_bump=terminate"
10.10.4.10 - - [18/Mar/2024:16:06:52 +0000] "CONNECT changelogs.ubuntu.com:443 HTTP/1.1" 200 185 "-" "Wget/1.21.3" "cs_bytes=484 sc_bytes=185 proxy_action=tunnel"
10.10.1.36 - MERIDIANHCS\sophia.martinez [18/Mar/2024:16:07:01 +0000] "CONNECT login.live.com:443 HTTP/1.1" 200 228 "-" "Mozilla/5.0 (Windows NT 10.0; Win64; x64) AppleWebKit/537.36 (KHTML, like Gecko) Chrome/120.0.0.0 Safari/537.36" "cs_bytes=524 sc_bytes=228 proxy_action=tunnel-setup ssl_bump=peek"
10.10.1.36 - MERIDIANHCS\sophia.martinez [18/Mar/2024:16:07:01 +0000] "GET https://login.live.com/oauth20_authorize.srf HTTP/1.1" 200 35648 "-" "Mozilla/5.0 (Windows NT 10.0; Win64; x64) AppleWebKit/537.36 (KHTML, like Gecko) Chrome/120.0.0.0 Safari/537.36" "cs_bytes=578 sc_bytes=35648 proxy_action=ssl-inspect ssl_bump=bump"
10.10.1.36 - MERIDIANHCS\sophia.martinez [18/Mar/2024:16:07:03 +0000] "GET https://login.live.com/favicon.ico HTTP/1.1" 304 159 "https://login.live.com/oauth20_authorize.srf" "Mozilla/5.0 (Windows NT 10.0; Win64; x64) AppleWebKit/537.36 (KHTML, like Gecko) Chrome/120.0.0.0 Safari/537.36" "cs_bytes=102 sc_bytes=159 proxy_action=ssl-inspect ssl_bump=bump"
10.10.1.36 - MERIDIANHCS\sophia.martinez [18/Mar/2024:16:07:03 +0000] "GET https://login.live.com/shared/1.0/content/css/converged_login.css HTTP/1.1" 200 19982 "https://login.live.com/oauth20_authorize.srf" "Mozilla/5.0 (Windows NT 10.0; Win64; x64) AppleWebKit/537.36 (KHTML, like Gecko) Chrome/120.0.0.0 Safari/537.36" "cs_bytes=938 sc_bytes=19982 proxy_action=ssl-inspect ssl_bump=bump"
10.10.1.36 - MERIDIANHCS\sophia.martinez [18/Mar/2024:16:07:04 +0000] "CONNECT static.sharepointonline.com:443 HTTP/1.1" 200 125 "-" "Mozilla/5.0 (Windows NT 10.0; Win64; x64) AppleWebKit/537.36 (KHTML, like Gecko) Chrome/120.0.0.0 Safari/537.36" "cs_bytes=331 sc_bytes=125 proxy_action=tunnel-setup ssl_bump=peek"
10.10.1.36 - MERIDIANHCS\sophia.martinez [18/Mar/2024:16:07:04 +0000] "GET https://static.sharepointonline.com/shared/1.0/content/images/microsoft_logo.png HTTP/1.1" 200 115268 "https://login.live.com/oauth20_authorize.srf" "Mozilla/5.0 (Windows NT 10.0; Win64; x64) AppleWebKit/537.36 (KHTML, like Gecko) Chrome/120.0.0.0 Safari/537.36" "cs_bytes=259 sc_bytes=115268 proxy_action=ssl-inspect ssl_bump=bump"
10.10.1.36 - MERIDIANHCS\sophia.martinez [18/Mar/2024:16:07:04 +0000] "GET https://static.sharepointonline.com/shared/1.0/content/js/ConvergedLogin_PCore.js HTTP/1.1" 200 88554 "https://login.live.com/oauth20_authorize.srf" "Mozilla/5.0 (Windows NT 10.0; Win64; x64) AppleWebKit/537.36 (KHTML, like Gecko) Chrome/120.0.0.0 Safari/537.36" "cs_bytes=323 sc_bytes=88554 proxy_action=ssl-inspect ssl_bump=bump"
10.10.1.36 - MERIDIANHCS\sophia.martinez [18/Mar/2024:16:07:09 +0000] "GET https://login.live.com/ppsecure/post.srf HTTP/1.1" 200 47616 "https://login.live.com/oauth20_authorize.srf" "Mozilla/5.0 (Windows NT 10.0; Win64; x64) AppleWebKit/537.36 (KHTML, like Gecko) Chrome/120.0.0.0 Safari/537.36" "cs_bytes=373 sc_bytes=47616 proxy_action=ssl-inspect ssl_bump=bump"
10.10.1.36 - MERIDIANHCS\sophia.martinez [18/Mar/2024:16:07:12 +0000] "CONNECT spoprod-a.akamaihd.net:443 HTTP/1.1" 200 237 "-" "Mozilla/5.0 (Windows NT 10.0; Win64; x64) AppleWebKit/537.36 (KHTML, like Gecko) Chrome/120.0.0.0 Safari/537.36" "cs_bytes=231 sc_bytes=237 proxy_action=tunnel-setup ssl_bump=peek"
10.10.1.36 - MERIDIANHCS\sophia.martinez [18/Mar/2024:16:07:12 +0000] "GET https://login.live.com/favicon.ico HTTP/1.1" 200 984 "https://login.live.com/ppsecure/post.srf" "Mozilla/5.0 (Windows NT 10.0; Win64; x64) AppleWebKit/537.36 (KHTML, like Gecko) Chrome/120.0.0.0 Safari/537.36" "cs_bytes=149 sc_bytes=984 proxy_action=ssl-inspect ssl_bump=bump"
10.10.1.36 - MERIDIANHCS\sophia.martinez [18/Mar/2024:16:07:12 +0000] "GET https://spoprod-a.akamaihd.net/shared/1.0/content/js/Post_PCore.js HTTP/1.1" 304 86 "https://login.live.com/ppsecure/post.srf" "Mozilla/5.0 (Windows NT 10.0; Win64; x64) AppleWebKit/537.36 (KHTML, like Gecko) Chrome/120.0.0.0 Safari/537.36" "cs_bytes=232 sc_bytes=86 proxy_action=ssl-inspect ssl_bump=bump"
10.10.1.36 - MERIDIANHCS\sophia.martinez [18/Mar/2024:16:07:15 +0000] "GET https://login.live.com/oauth20_authorize.srf HTTP/1.1" 200 21998 "https://login.live.com/ppsecure/post.srf" "Mozilla/5.0 (Windows NT 10.0; Win64; x64) AppleWebKit/537.36 (KHTML, like Gecko) Chrome/120.0.0.0 Safari/537.36" "cs_bytes=464 sc_bytes=21998 proxy_action=ssl-inspect ssl_bump=bump"
10.10.1.36 - MERIDIANHCS\sophia.martinez [18/Mar/2024:16:07:18 +0000] "CONNECT graph.microsoft.com:443 HTTP/1.1" 200 198 "-" "Mozilla/5.0 (Windows NT 10.0; Win64; x64) AppleWebKit/537.36 (KHTML, like Gecko) Chrome/120.0.0.0 Safari/537.36" "cs_bytes=332 sc_bytes=198 proxy_action=tunnel-setup ssl_bump=peek"
10.10.1.36 - MERIDIANHCS\sophia.martinez [18/Mar/2024:16:07:18 +0000] "CONNECT onedrive.live.com:443 HTTP/1.1" 200 94 "-" "Mozilla/5.0 (Windows NT 10.0; Win64; x64) AppleWebKit/537.36 (KHTML, like Gecko) Chrome/120.0.0.0 Safari/537.36" "cs_bytes=423 sc_bytes=94 proxy_action=tunnel-setup ssl_bump=peek"
10.10.1.36 - MERIDIANHCS\sophia.martinez [18/Mar/2024:16:07:18 +0000] "GET https://graph.microsoft.com/shared/1.0/content/css/converged_login.css HTTP/1.1" 200 19843 "https://login.live.com/oauth20_authorize.srf" "Mozilla/5.0 (Windows NT 10.0; Win64; x64) AppleWebKit/537.36 (KHTML, like Gecko) Chrome/120.0.0.0 Safari/537.36" "cs_bytes=127 sc_bytes=19843 proxy_action=ssl-inspect ssl_bump=bump"
10.10.1.36 - MERIDIANHCS\sophia.martinez [18/Mar/2024:16:07:18 +0000] "GET https://login.live.com/favicon.ico HTTP/1.1" 200 1064 "https://login.live.com/oauth20_authorize.srf" "Mozilla/5.0 (Windows NT 10.0; Win64; x64) AppleWebKit/537.36 (KHTML, like Gecko) Chrome/120.0.0.0 Safari/537.36" "cs_bytes=271 sc_bytes=1064 proxy_action=ssl-inspect ssl_bump=bump"
10.10.1.36 - MERIDIANHCS\sophia.martinez [18/Mar/2024:16:07:18 +0000] "GET https://onedrive.live.com/shared/1.0/content/js/ConvergedLogin_PCore.js HTTP/1.1" 200 88624 "https://login.live.com/oauth20_authorize.srf" "Mozilla/5.0 (Windows NT 10.0; Win64; x64) AppleWebKit/537.36 (KHTML, like Gecko) Chrome/120.0.0.0 Safari/537.36" "cs_bytes=246 sc_bytes=88624 proxy_action=ssl-inspect ssl_bump=bump"
10.10.1.36 - MERIDIANHCS\sophia.martinez [18/Mar/2024:16:07:19 +0000] "CONNECT onenote.officeapps.live.com:443 HTTP/1.1" 200 218 "-" "Mozilla/5.0 (Windows NT 10.0; Win64; x64) AppleWebKit/537.36 (KHTML, like Gecko) Chrome/120.0.0.0 Safari/537.36" "cs_bytes=397 sc_bytes=218 proxy_action=tunnel-setup ssl_bump=peek"
10.10.1.36 - MERIDIANHCS\sophia.martinez [18/Mar/2024:16:07:19 +0000] "GET https://onenote.officeapps.live.com/shared/1.0/content/images/microsoft_logo.png HTTP/1.1" 200 115268 "https://login.live.com/oauth20_authorize.srf" "Mozilla/5.0 (Windows NT 10.0; Win64; x64) AppleWebKit/537.36 (KHTML, like Gecko) Chrome/120.0.0.0 Safari/537.36" "cs_bytes=153 sc_bytes=115268 proxy_action=ssl-inspect ssl_bump=bump"
10.10.1.36 - MERIDIANHCS\sophia.martinez [18/Mar/2024:16:07:20 +0000] "CONNECT www.reddit.com:443 HTTP/1.1" 200 141 "-" "Mozilla/5.0 (Windows NT 10.0; Win64; x64) AppleWebKit/537.36 (KHTML, like Gecko) Chrome/120.0.0.0 Safari/537.36" "cs_bytes=439 sc_bytes=141 proxy_action=tunnel"
10.10.1.99 - - [18/Mar/2024:16:07:28 +0000] "CONNECT cdn.jsdelivr.net:443 HTTP/1.1" 200 126 "-" "Wget/1.21.3" "cs_bytes=280 sc_bytes=126 proxy_action=tunnel"
10.10.1.34 - - [18/Mar/2024:16:07:36 +0000] "CONNECT hpia.hpcloud.hp.com:443 HTTP/1.1" 200 209 "-" "HP Image Assistant" "cs_bytes=424 sc_bytes=209 proxy_action=tunnel"
10.10.1.34 - MERIDIANHCS\diego.ramirez [18/Mar/2024:16:07:48 +0000] "CONNECT www.citrix.com:443 HTTP/1.1" 200 161 "-" "Mozilla/5.0 (Windows NT 10.0; Win64; x64) AppleWebKit/537.36 (KHTML, like Gecko) Chrome/119.0.0.0 Safari/537.36" "cs_bytes=234 sc_bytes=161 proxy_action=tunnel"
10.10.1.36 - - [18/Mar/2024:16:08:18 +0000] "CONNECT secure-client-updates.cisco.com:443 HTTP/1.1" 200 169 "-" "Cisco Secure Client/5.1.4 Windows" "cs_bytes=265 sc_bytes=169 proxy_action=tunnel"
10.10.1.36 - MERIDIANHCS\sophia.martinez [18/Mar/2024:16:08:54 +0000] "CONNECT portal.azure.com:443 HTTP/1.1" 200 200 "-" "Mozilla/5.0 (Windows NT 10.0; Win64; x64) AppleWebKit/537.36 (KHTML, like Gecko) Chrome/120.0.0.0 Safari/537.36" "cs_bytes=480 sc_bytes=200 proxy_action=tunnel-setup ssl_bump=peek"
10.10.1.36 - MERIDIANHCS\sophia.martinez [18/Mar/2024:16:08:54 +0000] "GET https://portal.azure.com/ HTTP/1.1" 200 9986 "-" "Mozilla/5.0 (Windows NT 10.0; Win64; x64) AppleWebKit/537.36 (KHTML, like Gecko) Chrome/120.0.0.0 Safari/537.36" "cs_bytes=920 sc_bytes=9986 proxy_action=ssl-inspect ssl_bump=bump"
10.10.1.36 - MERIDIANHCS\sophia.martinez [18/Mar/2024:16:08:55 +0000] "GET https://portal.azure.com/portal/9afcfa16/Content/Dynamic/bundleMsPortalFxPortal.bfef2efe06f12ade.js HTTP/1.1" 200 55183 "https://portal.azure.com/" "Mozilla/5.0 (Windows NT 10.0; Win64; x64) AppleWebKit/537.36 (KHTML, like Gecko) Chrome/120.0.0.0 Safari/537.36" "cs_bytes=110 sc_bytes=55183 proxy_action=ssl-inspect ssl_bump=bump"
10.10.1.36 - MERIDIANHCS\sophia.martinez [18/Mar/2024:16:08:56 +0000] "GET https://portal.azure.com/favicon.ico HTTP/1.1" 200 1093 "https://portal.azure.com/" "Mozilla/5.0 (Windows NT 10.0; Win64; x64) AppleWebKit/537.36 (KHTML, like Gecko) Chrome/120.0.0.0 Safari/537.36" "cs_bytes=329 sc_bytes=1093 proxy_action=ssl-inspect ssl_bump=bump"
