10.10.1.36 - MERIDIANHCS\sophia.martinez [18/Mar/2024:14:36:55 +0000] "GET https://res.cdn.office.net/o/1817678f77f1eca8/scripts/onenote-main.js HTTP/1.1" 200 159216 "https://onenote.officeapps.live.com/o/onenoteframe.aspx?ui=en-us&rs=en-us" "Mozilla/5.0 (Windows NT 10.0; Win64; x64) AppleWebKit/537.36 (KHTML, like Gecko) Chrome/120.0.0.0 Safari/537.36" "cs_bytes=152 sc_bytes=159216 proxy_action=ssl-inspect ssl_bump=bump"
10.10.1.36 - MERIDIANHCS\sophia.martinez [18/Mar/2024:14:36:56 +0000] "CONNECT accounts.google.com:443 HTTP/1.1" 200 222 "-" "Mozilla/5.0 (Windows NT 10.0; Win64; x64) AppleWebKit/537.36 (KHTML, like Gecko) Chrome/120.0.0.0 Safari/537.36" "cs_bytes=433 sc_bytes=222 proxy_action=tunnel-setup ssl_bump=peek"
10.10.1.36 - MERIDIANHCS\sophia.martinez [18/Mar/2024:14:36:56 +0000] "CONNECT login.microsoftonline.com:443 HTTP/1.1" 200 131 "-" "Mozilla/5.0 (Windows NT 10.0; Win64; x64) AppleWebKit/537.36 (KHTML, like Gecko) Chrome/120.0.0.0 Safari/537.36" "cs_bytes=333 sc_bytes=131 proxy_action=tunnel-setup ssl_bump=peek"
10.10.1.36 - MERIDIANHCS\sophia.martinez [18/Mar/2024:14:36:56 +0000] "GET https://accounts.google.com/ServiceLogin HTTP/1.1" 200 71473 "-" "Mozilla/5.0 (Windows NT 10.0; Win64; x64) AppleWebKit/537.36 (KHTML, like Gecko) Chrome/120.0.0.0 Safari/537.36" "cs_bytes=436 sc_bytes=71473 proxy_action=ssl-inspect ssl_bump=bump"
10.10.1.36 - MERIDIANHCS\sophia.martinez [18/Mar/2024:14:36:56 +0000] "GET https://login.microsoftonline.com/o/6b1a38ec04a6a276/styles/onenote.css HTTP/1.1" 200 12846 "https://onenote.officeapps.live.com/o/onenoteframe.aspx?ui=en-us&rs=en-us" "Mozilla/5.0 (Windows NT 10.0; Win64; x64) AppleWebKit/537.36 (KHTML, like Gecko) Chrome/120.0.0.0 Safari/537.36" "cs_bytes=126 sc_bytes=12846 proxy_action=ssl-inspect ssl_bump=bump"
10.10.1.36 - MERIDIANHCS\sophia.martinez [18/Mar/2024:14:36:58 +0000] "CONNECT www.gstatic.com:443 HTTP/1.1" 200 137 "-" "Mozilla/5.0 (Windows NT 10.0; Win64; x64) AppleWebKit/537.36 (KHTML, like Gecko) Chrome/120.0.0.0 Safari/537.36" "cs_bytes=288 sc_bytes=137 proxy_action=tunnel-setup ssl_bump=peek"
10.10.1.36 - MERIDIANHCS\sophia.martinez [18/Mar/2024:14:36:58 +0000] "CONNECT www.gstatic.com:443 HTTP/1.1" 200 93 "-" "Mozilla/5.0 (Windows NT 10.0; Win64; x64) AppleWebKit/537.36 (KHTML, like Gecko) Chrome/120.0.0.0 Safari/537.36" "cs_bytes=423 sc_bytes=93 proxy_action=tunnel-setup ssl_bump=peek"
10.10.1.36 - MERIDIANHCS\sophia.martinez [18/Mar/2024:14:36:58 +0000] "GET https://accounts.google.com/favicon.ico HTTP/1.1" 200 972 "https://accounts.google.com/ServiceLogin" "Mozilla/5.0 (Windows NT 10.0; Win64; x64) AppleWebKit/537.36 (KHTML, like Gecko) Chrome/120.0.0.0 Safari/537.36" "cs_bytes=106 sc_bytes=972 proxy_action=ssl-inspect ssl_bump=bump"
10.10.1.36 - MERIDIANHCS\sophia.martinez [18/Mar/2024:14:36:58 +0000] "GET https://www.gstatic.com/accountalerts/7580684e/account.js HTTP/1.1" 200 39033 "https://accounts.google.com/ServiceLogin" "Mozilla/5.0 (Windows NT 10.0; Win64; x64) AppleWebKit/537.36 (KHTML, like Gecko) Chrome/120.0.0.0 Safari/537.36" "cs_bytes=130 sc_bytes=39033 proxy_action=ssl-inspect ssl_bump=bump"
10.10.1.36 - MERIDIANHCS\sophia.martinez [18/Mar/2024:14:36:58 +0000] "GET https://www.gstatic.com/accountalerts/b8dc600f/account.css HTTP/1.1" 200 4604 "https://accounts.google.com/ServiceLogin" "Mozilla/5.0 (Windows NT 10.0; Win64; x64) AppleWebKit/537.36 (KHTML, like Gecko) Chrome/120.0.0.0 Safari/537.36" "cs_bytes=1124 sc_bytes=4604 proxy_action=ssl-inspect ssl_bump=bump"
10.10.1.36 - MERIDIANHCS\sophia.martinez [18/Mar/2024:14:36:58 +0000] "GET https://www.gstatic.com/images/branding/googlelogo/2x/googlelogo_color_272x92dp.png HTTP/1.1" 200 259278 "https://accounts.google.com/ServiceLogin" "Mozilla/5.0 (Windows NT 10.0; Win64; x64) AppleWebKit/537.36 (KHTML, like Gecko) Chrome/120.0.0.0 Safari/537.36" "cs_bytes=262 sc_bytes=259278 proxy_action=ssl-inspect ssl_bump=bump"
10.10.1.21 - lina.nguyen@meridianhcs.local [18/Mar/2024:14:37:05 +0000] "GET https://outlook.office365.com/owa/#/mail HTTP/1.1" 200 5678 "https://outlook.office365.com/owa/#/mail/compose" "Mozilla/5.0 (X11; Linux x86_64) AppleWebKit/537.36 (KHTML, like Gecko) Chrome/120.0.0.0 Safari/537.36" "cs_bytes=16328 sc_bytes=5678 proxy_action=ssl-inspect ssl_bump=bump"
10.10.1.36 - MERIDIANHCS\sophia.martinez [18/Mar/2024:14:37:07 +0000] "GET https://accounts.google.com/signin/v2/challenge HTTP/1.1" 200 51197 "https://accounts.google.com/ServiceLogin" "Mozilla/5.0 (Windows NT 10.0; Win64; x64) AppleWebKit/537.36 (KHTML, like Gecko) Chrome/120.0.0.0 Safari/537.36" "cs_bytes=422 sc_bytes=51197 proxy_action=ssl-inspect ssl_bump=bump"
10.10.1.21 - lina.nguyen@meridianhcs.local [18/Mar/2024:14:37:08 +0000] "CONNECT graph.microsoft.com:443 HTTP/1.1" 200 229 "-" "Mozilla/5.0 (X11; Linux x86_64) AppleWebKit/537.36 (KHTML, like Gecko) Chrome/120.0.0.0 Safari/537.36" "cs_bytes=520 sc_bytes=229 proxy_action=tunnel-setup ssl_bump=peek"
10.10.1.21 - lina.nguyen@meridianhcs.local [18/Mar/2024:14:37:08 +0000] "CONNECT mail.protection.outlook.com:443 HTTP/1.1" 200 204 "-" "Mozilla/5.0 (X11; Linux x86_64) AppleWebKit/537.36 (KHTML, like Gecko) Chrome/120.0.0.0 Safari/537.36" "cs_bytes=317 sc_bytes=204 proxy_action=tunnel-setup ssl_bump=peek"
10.10.1.21 - lina.nguyen@meridianhcs.local [18/Mar/2024:14:37:08 +0000] "GET https://graph.microsoft.com/owamail/d216562a3adcfb09/scripts/mailbox.bundle.js HTTP/1.1" 200 50849 "https://outlook.office365.com/owa/#/mail" "Mozilla/5.0 (X11; Linux x86_64) AppleWebKit/537.36 (KHTML, like Gecko) Chrome/120.0.0.0 Safari/537.36" "cs_bytes=173 sc_bytes=50849 proxy_action=ssl-inspect ssl_bump=bump"
10.10.1.21 - lina.nguyen@meridianhcs.local [18/Mar/2024:14:37:08 +0000] "GET https://mail.protection.outlook.com/owamail/aaf1175065711e7d/resources/images/mailicon.png HTTP/1.1" 200 227564 "https://outlook.office365.com/owa/#/mail" "Mozilla/5.0 (X11; Linux x86_64) AppleWebKit/537.36 (KHTML, like Gecko) Chrome/120.0.0.0 Safari/537.36" "cs_bytes=119 sc_bytes=227564 proxy_action=ssl-inspect ssl_bump=bump"
10.10.1.21 - lina.nguyen@meridianhcs.local [18/Mar/2024:14:37:08 +0000] "GET https://outlook.office365.com/favicon.ico HTTP/1.1" 200 1006 "https://outlook.office365.com/owa/#/mail" "Mozilla/5.0 (X11; Linux x86_64) AppleWebKit/537.36 (KHTML, like Gecko) Chrome/120.0.0.0 Safari/537.36" "cs_bytes=182 sc_bytes=1006 proxy_action=ssl-inspect ssl_bump=bump"
10.10.1.21 - lina.nguyen@meridianhcs.local [18/Mar/2024:14:37:08 +0000] "POST https://outlook.office365.com/owa/service.svc?action=GetFolder HTTP/1.1" 200 2025 "https://outlook.office365.com/owa/#/mail" "Mozilla/5.0 (X11; Linux x86_64) AppleWebKit/537.36 (KHTML, like Gecko) Chrome/120.0.0.0 Safari/537.36" "cs_bytes=10054 sc_bytes=2025 proxy_action=ssl-inspect ssl_bump=bump"
10.10.1.36 - MERIDIANHCS\sophia.martinez [18/Mar/2024:14:37:08 +0000] "GET https://www.gstatic.com/accountalerts/4bffc38f/challenge.js HTTP/1.1" 200 110797 "https://accounts.google.com/signin/v2/challenge" "Mozilla/5.0 (Windows NT 10.0; Win64; x64) AppleWebKit/537.36 (KHTML, like Gecko) Chrome/120.0.0.0 Safari/537.36" "cs_bytes=113 sc_bytes=110797 proxy_action=ssl-inspect ssl_bump=bump"
10.10.1.36 - MERIDIANHCS\sophia.martinez [18/Mar/2024:14:37:09 +0000] "GET https://accounts.google.com/favicon.ico HTTP/1.1" 200 969 "https://accounts.google.com/signin/v2/challenge" "Mozilla/5.0 (Windows NT 10.0; Win64; x64) AppleWebKit/537.36 (KHTML, like Gecko) Chrome/120.0.0.0 Safari/537.36" "cs_bytes=267 sc_bytes=969 proxy_action=ssl-inspect ssl_bump=bump"
10.10.1.21 - lina.nguyen@meridianhcs.local [18/Mar/2024:14:37:10 +0000] "POST https://outlook.office365.com/owa/service.svc?action=GetConversationItems HTTP/1.1" 403 1375 "https://outlook.office365.com/owa/#/mail" "Mozilla/5.0 (X11; Linux x86_64) AppleWebKit/537.36 (KHTML, like Gecko) Chrome/120.0.0.0 Safari/537.36" "cs_bytes=5801 sc_bytes=1375 proxy_action=ssl-inspect ssl_bump=bump"
10.10.1.22 - omar.haddad@meridianhcs.local [18/Mar/2024:14:37:10 +0000] "CONNECT content.mediquant.io:443 HTTP/1.1" 200 91 "-" "Mozilla/5.0 (X11; Linux x86_64) AppleWebKit/537.36 (KHTML, like Gecko) Chrome/120.0.0.0 Safari/537.36" "cs_bytes=369 sc_bytes=91 proxy_action=tunnel"
10.10.1.36 - MERIDIANHCS\sophia.martinez [18/Mar/2024:14:37:11 +0000] "GET https://accounts.google.com/ServiceLogin HTTP/1.1" 200 31645 "https://accounts.google.com/signin/v2/challenge" "Mozilla/5.0 (Windows NT 10.0; Win64; x64) AppleWebKit/537.36 (KHTML, like Gecko) Chrome/120.0.0.0 Safari/537.36" "cs_bytes=553 sc_bytes=31645 proxy_action=ssl-inspect ssl_bump=bump"
10.10.1.36 - MERIDIANHCS\sophia.martinez [18/Mar/2024:14:37:12 +0000] "GET https://onenote.officeapps.live.com/o/onenoteframe.aspx?edit=0&9ec9d410674df4bf HTTP/1.1" 200 31872 "https://onenote.officeapps.live.com/o/onenoteframe.aspx?ui=en-us&rs=en-us" "Mozilla/5.0 (Windows NT 10.0; Win64; x64) AppleWebKit/537.36 (KHTML, like Gecko) Chrome/120.0.0.0 Safari/537.36" "cs_bytes=528 sc_bytes=31872 proxy_action=ssl-inspect ssl_bump=bump"
10.10.1.36 - MERIDIANHCS\sophia.martinez [18/Mar/2024:14:37:13 +0000] "GET https://www.gstatic.com/accountalerts/7580684e/account.js HTTP/1.1" 200 39226 "https://accounts.google.com/ServiceLogin" "Mozilla/5.0 (Windows NT 10.0; Win64; x64) AppleWebKit/537.36 (KHTML, like Gecko) Chrome/120.0.0.0 Safari/537.36" "cs_bytes=145 sc_bytes=39226 proxy_action=ssl-inspect ssl_bump=bump"
10.10.1.36 - MERIDIANHCS\sophia.martinez [18/Mar/2024:14:37:14 +0000] "GET https://accounts.google.com/favicon.ico HTTP/1.1" 304 180 "https://accounts.google.com/ServiceLogin" "Mozilla/5.0 (Windows NT 10.0; Win64; x64) AppleWebKit/537.36 (KHTML, like Gecko) Chrome/120.0.0.0 Safari/537.36" "cs_bytes=213 sc_bytes=180 proxy_action=ssl-inspect ssl_bump=bump"
10.10.1.36 - MERIDIANHCS\sophia.martinez [18/Mar/2024:14:37:14 +0000] "GET https://login.microsoftonline.com/o/54d8bc120f829b35/scripts/onenote-editor.js HTTP/1.1" 200 139605 "https://onenote.officeapps.live.com/o/onenoteframe.aspx?edit=0&9ec9d410674df4bf" "Mozilla/5.0 (Windows NT 10.0; Win64; x64) AppleWebKit/537.36 (KHTML, like Gecko) Chrome/120.0.0.0 Safari/537.36" "cs_bytes=288 sc_bytes=139605 proxy_action=ssl-inspect ssl_bump=bump"
10.10.1.36 - MERIDIANHCS\sophia.martinez [18/Mar/2024:14:37:14 +0000] "GET https://onenote.officeapps.live.com/favicon.ico HTTP/1.1" 200 1114 "https://onenote.officeapps.live.com/o/onenoteframe.aspx?edit=0&9ec9d410674df4bf" "Mozilla/5.0 (Windows NT 10.0; Win64; x64) AppleWebKit/537.36 (KHTML, like Gecko) Chrome/120.0.0.0 Safari/537.36" "cs_bytes=225 sc_bytes=1114 proxy_action=ssl-inspect ssl_bump=bump"
10.10.1.36 - MERIDIANHCS\sophia.martinez [18/Mar/2024:14:37:14 +0000] "GET https://www.gstatic.com/accountalerts/b8dc600f/account.css HTTP/1.1" 304 241 "https://accounts.google.com/ServiceLogin" "Mozilla/5.0 (Windows NT 10.0; Win64; x64) AppleWebKit/537.36 (KHTML, like Gecko) Chrome/120.0.0.0 Safari/537.36" "cs_bytes=201 sc_bytes=241 proxy_action=ssl-inspect ssl_bump=bump"
10.10.1.36 - MERIDIANHCS\sophia.martinez [18/Mar/2024:14:37:14 +0000] "GET https://www.gstatic.com/images/branding/googlelogo/2x/googlelogo_color_272x92dp.png HTTP/1.1" 200 259149 "https://accounts.google.com/ServiceLogin" "Mozilla/5.0 (Windows NT 10.0; Win64; x64) AppleWebKit/537.36 (KHTML, like Gecko) Chrome/120.0.0.0 Safari/537.36" "cs_bytes=300 sc_bytes=259149 proxy_action=ssl-inspect ssl_bump=bump"
10.10.1.36 - MERIDIANHCS\sophia.martinez [18/Mar/2024:14:37:15 +0000] "GET https://onenote.officeapps.live.com/api/v1.0/me/notes/sections HTTP/1.1" 200 19750 "https://onenote.officeapps.live.com/o/onenoteframe.aspx?edit=0&9ec9d410674df4bf" "Mozilla/5.0 (Windows NT 10.0; Win64; x64) AppleWebKit/537.36 (KHTML, like Gecko) Chrome/120.0.0.0 Safari/537.36" "cs_bytes=131 sc_bytes=19750 proxy_action=ssl-inspect ssl_bump=bump"
10.10.1.36 - MERIDIANHCS\sophia.martinez [18/Mar/2024:14:37:20 +0000] "CONNECT sharepoint.com:443 HTTP/1.1" 200 170 "-" "Mozilla/5.0 (Windows NT 10.0; Win64; x64) AppleWebKit/537.36 (KHTML, like Gecko) Chrome/120.0.0.0 Safari/537.36" "cs_bytes=440 sc_bytes=170 proxy_action=tunnel-setup ssl_bump=peek"
10.10.1.36 - MERIDIANHCS\sophia.martinez [18/Mar/2024:14:37:20 +0000] "GET https://sharepoint.com/sites/intranet/SitePages/Home.aspx HTTP/1.1" 200 49225 "-" "Mozilla/5.0 (Windows NT 10.0; Win64; x64) AppleWebKit/537.36 (KHTML, like Gecko) Chrome/120.0.0.0 Safari/537.36" "cs_bytes=466 sc_bytes=49225 proxy_action=ssl-inspect ssl_bump=bump"
10.10.1.32 - - [18/Mar/2024:14:37:21 +0000] "CONNECT ctldl.windowsupdate.com:443 HTTP/1.1" 200 184 "-" "Microsoft-CryptoAPI/10.0" "cs_bytes=398 sc_bytes=184 proxy_action=tunnel"
10.10.1.36 - MERIDIANHCS\sophia.martinez [18/Mar/2024:14:37:22 +0000] "GET https://login.microsoftonline.com/bld/_layouts/15/cc2f43a913bb5149/init.js HTTP/1.1" 200 37267 "https://sharepoint.com/sites/intranet/SitePages/Home.aspx" "Mozilla/5.0 (Windows NT 10.0; Win64; x64) AppleWebKit/537.36 (KHTML, like Gecko) Chrome/120.0.0.0 Safari/537.36" "cs_bytes=225 sc_bytes=37267 proxy_action=ssl-inspect ssl_bump=bump"
10.10.1.36 - MERIDIANHCS\sophia.martinez [18/Mar/2024:14:37:22 +0000] "GET https://onenote.officeapps.live.com/officehub/681afc86b29d0731/images/ms-logo.png HTTP/1.1" 200 134501 "https://sharepoint.com/sites/intranet/SitePages/Home.aspx" "Mozilla/5.0 (Windows NT 10.0; Win64; x64) AppleWebKit/537.36 (KHTML, like Gecko) Chrome/120.0.0.0 Safari/537.36" "cs_bytes=526 sc_bytes=134501 proxy_action=ssl-inspect ssl_bump=bump"
10.10.1.36 - MERIDIANHCS\sophia.martinez [18/Mar/2024:14:37:22 +0000] "GET https://res.cdn.office.net/bld/_layouts/15/3cac53b74bb6c348/styles/fabric.css HTTP/1.1" 200 16722 "https://sharepoint.com/sites/intranet/SitePages/Home.aspx" "Mozilla/5.0 (Windows NT 10.0; Win64; x64) AppleWebKit/537.36 (KHTML, like Gecko) Chrome/120.0.0.0 Safari/537.36" "cs_bytes=661 sc_bytes=16722 proxy_action=ssl-inspect ssl_bump=bump"
10.10.1.36 - MERIDIANHCS\sophia.martinez [18/Mar/2024:14:37:22 +0000] "GET https://sharepoint.com/favicon.ico HTTP/1.1" 304 218 "https://sharepoint.com/sites/intranet/SitePages/Home.aspx" "Mozilla/5.0 (Windows NT 10.0; Win64; x64) AppleWebKit/537.36 (KHTML, like Gecko) Chrome/120.0.0.0 Safari/537.36" "cs_bytes=111 sc_bytes=218 proxy_action=ssl-inspect ssl_bump=bump"
10.10.2.10 - - [18/Mar/2024:14:37:23 +0000] "CONNECT ctldl.windowsupdate.com:443 HTTP/1.1" 200 133 "-" "Microsoft-CryptoAPI/10.0" "cs_bytes=292 sc_bytes=133 proxy_action=tunnel"
10.10.1.36 - MERIDIANHCS\sophia.martinez [18/Mar/2024:14:37:27 +0000] "GET https://sharepoint.com/_api/web/lists HTTP/1.1" 200 27042 "https://sharepoint.com/sites/intranet/SitePages/Home.aspx" "Mozilla/5.0 (Windows NT 10.0; Win64; x64) AppleWebKit/537.36 (KHTML, like Gecko) Chrome/120.0.0.0 Safari/537.36" "cs_bytes=636 sc_bytes=27042 proxy_action=ssl-inspect ssl_bump=bump"
10.10.1.21 - lina.nguyen@meridianhcs.local [18/Mar/2024:14:37:28 +0000] "GET https://outlook.office365.com/owa/ HTTP/1.1" 200 39839 "https://outlook.office365.com/owa/#/mail" "Mozilla/5.0 (X11; Linux x86_64) AppleWebKit/537.36 (KHTML, like Gecko) Chrome/120.0.0.0 Safari/537.36" "cs_bytes=404 sc_bytes=39839 proxy_action=ssl-inspect ssl_bump=bump"
10.10.1.21 - lina.nguyen@meridianhcs.local [18/Mar/2024:14:37:30 +0000] "CONNECT protection.outlook.com:443 HTTP/1.1" 200 136 "-" "Mozilla/5.0 (X11; Linux x86_64) AppleWebKit/537.36 (KHTML, like Gecko) Chrome/120.0.0.0 Safari/537.36" "cs_bytes=513 sc_bytes=136 proxy_action=tunnel-setup ssl_bump=peek"
10.10.1.21 - lina.nguyen@meridianhcs.local [18/Mar/2024:14:37:30 +0000] "CONNECT r1.res.office365.com:443 HTTP/1.1" 200 248 "-" "Mozilla/5.0 (X11; Linux x86_64) AppleWebKit/537.36 (KHTML, like Gecko) Chrome/120.0.0.0 Safari/537.36" "cs_bytes=253 sc_bytes=248 proxy_action=tunnel-setup ssl_bump=peek"
10.10.1.21 - lina.nguyen@meridianhcs.local [18/Mar/2024:14:37:30 +0000] "CONNECT res.cdn.office.net:443 HTTP/1.1" 200 230 "-" "Mozilla/5.0 (X11; Linux x86_64) AppleWebKit/537.36 (KHTML, like Gecko) Chrome/120.0.0.0 Safari/537.36" "cs_bytes=311 sc_bytes=230 proxy_action=tunnel-setup ssl_bump=peek"
10.10.1.21 - lina.nguyen@meridianhcs.local [18/Mar/2024:14:37:30 +0000] "GET https://outlook.office365.com/favicon.ico HTTP/1.1" 200 1045 "https://outlook.office365.com/owa/" "Mozilla/5.0 (X11; Linux x86_64) AppleWebKit/537.36 (KHTML, like Gecko) Chrome/120.0.0.0 Safari/537.36" "cs_bytes=243 sc_bytes=1045 proxy_action=ssl-inspect ssl_bump=bump"
10.10.1.21 - lina.nguyen@meridianhcs.local [18/Mar/2024:14:37:30 +0000] "GET https://protection.outlook.com/owamail/ff0a155a837d1fd3/styles/owamail.css HTTP/1.1" 200 27339 "https://outlook.office365.com/owa/" "Mozilla/5.0 (X11; Linux x86_64) AppleWebKit/537.36 (KHTML, like Gecko) Chrome/120.0.0.0 Safari/537.36" "cs_bytes=191 sc_bytes=27339 proxy_action=ssl-inspect ssl_bump=bump"
10.10.1.21 - lina.nguyen@meridianhcs.local [18/Mar/2024:14:37:30 +0000] "GET https://r1.res.office365.com/owamail/0eeda4995433493e/scripts/boot.js HTTP/1.1" 200 164564 "https://outlook.office365.com/owa/" "Mozilla/5.0 (X11; Linux x86_64) AppleWebKit/537.36 (KHTML, like Gecko) Chrome/120.0.0.0 Safari/537.36" "cs_bytes=169 sc_bytes=164564 proxy_action=ssl-inspect ssl_bump=bump"
10.10.1.21 - lina.nguyen@meridianhcs.local [18/Mar/2024:14:37:30 +0000] "GET https://res.cdn.office.net/shared/1.0/content/images/microsoft_logo.png HTTP/1.1" 200 115279 "https://outlook.office365.com/owa/" "Mozilla/5.0 (X11; Linux x86_64) AppleWebKit/537.36 (KHTML, like Gecko) Chrome/120.0.0.0 Safari/537.36" "cs_bytes=253 sc_bytes=115279 proxy_action=ssl-inspect ssl_bump=bump"
10.10.1.36 - MERIDIANHCS\sophia.martinez [18/Mar/2024:14:37:30 +0000] "GET https://accounts.google.com/signin/v2/challenge HTTP/1.1" 200 23444 "https://accounts.google.com/ServiceLogin" "Mozilla/5.0 (Windows NT 10.0; Win64; x64) AppleWebKit/537.36 (KHTML, like Gecko) Chrome/120.0.0.0 Safari/537.36" "cs_bytes=453 sc_bytes=23444 proxy_action=ssl-inspect ssl_bump=bump"
10.10.1.36 - MERIDIANHCS\sophia.martinez [18/Mar/2024:14:37:30 +0000] "GET https://sharepoint.com/favicon.ico HTTP/1.1" 200 990 "https://sharepoint.com/_api/web/lists" "Mozilla/5.0 (Windows NT 10.0; Win64; x64) AppleWebKit/537.36 (KHTML, like Gecko) Chrome/120.0.0.0 Safari/537.36" "cs_bytes=290 sc_bytes=990 proxy_action=ssl-inspect ssl_bump=bump"
10.10.1.21 - lina.nguyen@meridianhcs.local [18/Mar/2024:14:37:31 +0000] "CONNECT smtp.office365.com:443 HTTP/1.1" 200 228 "-" "Mozilla/5.0 (X11; Linux x86_64) AppleWebKit/537.36 (KHTML, like Gecko) Chrome/120.0.0.0 Safari/537.36" "cs_bytes=332 sc_bytes=228 proxy_action=tunnel-setup ssl_bump=peek"
10.10.1.21 - lina.nguyen@meridianhcs.local [18/Mar/2024:14:37:31 +0000] "GET https://smtp.office365.com/owamail/89e3526d930ea17d/styles/fabric.min.css HTTP/1.1" 200 24541 "https://outlook.office365.com/owa/" "Mozilla/5.0 (X11; Linux x86_64) AppleWebKit/537.36 (KHTML, like Gecko) Chrome/120.0.0.0 Safari/537.36" "cs_bytes=310 sc_bytes=24541 proxy_action=ssl-inspect ssl_bump=bump"
10.10.1.36 - MERIDIANHCS\sophia.martinez [18/Mar/2024:14:37:31 +0000] "GET https://sharepoint.com/_api/web/lists?$select=Title,Id HTTP/1.1" 200 1050 "https://sharepoint.com/_api/web/lists" "Mozilla/5.0 (Windows NT 10.0; Win64; x64) AppleWebKit/537.36 (KHTML, like Gecko) Chrome/120.0.0.0 Safari/537.36" "cs_bytes=164 sc_bytes=1050 proxy_action=ssl-inspect ssl_bump=bump"
10.10.1.36 - MERIDIANHCS\sophia.martinez [18/Mar/2024:14:37:32 +0000] "GET https://www.gstatic.com/accountalerts/4bffc38f/challenge.js HTTP/1.1" 200 110832 "https://accounts.google.com/signin/v2/challenge" "Mozilla/5.0 (Windows NT 10.0; Win64; x64) AppleWebKit/537.36 (KHTML, like Gecko) Chrome/120.0.0.0 Safari/537.36" "cs_bytes=195 sc_bytes=110832 proxy_action=ssl-inspect ssl_bump=bump"
10.10.1.36 - MERIDIANHCS\sophia.martinez [18/Mar/2024:14:37:33 +0000] "GET https://accounts.google.com/favicon.ico HTTP/1.1" 200 1082 "https://accounts.google.com/signin/v2/challenge" "Mozilla/5.0 (Windows NT 10.0; Win64; x64) AppleWebKit/537.36 (KHTML, like Gecko) Chrome/120.0.0.0 Safari/537.36" "cs_bytes=81 sc_bytes=1082 proxy_action=ssl-inspect ssl_bump=bump"
10.10.1.99 - - [18/Mar/2024:14:37:33 +0000] "CONNECT upload.wikimedia.org:443 HTTP/1.1" 407 679 "-" "Wget/1.21.3" "cs_bytes=219 sc_bytes=679 proxy_action=auth-required ssl_bump=terminate"
10.10.1.21 - lina.nguyen@meridianhcs.local [18/Mar/2024:14:37:36 +0000] "GET https://outlook.office365.com/owa/#/calendar HTTP/1.1" 200 24636 "https://outlook.office365.com/owa/" "Mozilla/5.0 (X11; Linux x86_64) AppleWebKit/537.36 (KHTML, like Gecko) Chrome/120.0.0.0 Safari/537.36" "cs_bytes=1185 sc_bytes=24636 proxy_action=ssl-inspect ssl_bump=bump"
10.10.1.21 - lina.nguyen@meridianhcs.local [18/Mar/2024:14:37:38 +0000] "GET https://outlook.office365.com/favicon.ico HTTP/1.1" 200 1095 "https://outlook.office365.com/owa/#/calendar" "Mozilla/5.0 (X11; Linux x86_64) AppleWebKit/537.36 (KHTML, like Gecko) Chrome/120.0.0.0 Safari/537.36" "cs_bytes=305 sc_bytes=1095 proxy_action=ssl-inspect ssl_bump=bump"
10.10.1.21 - lina.nguyen@meridianhcs.local [18/Mar/2024:14:37:39 +0000] "GET https://outlook.office365.com/owamail/cfca343162d2e65c/scripts/calendar.bundle.js HTTP/1.1" 304 71 "https://outlook.office365.com/owa/#/calendar" "Mozilla/5.0 (X11; Linux x86_64) AppleWebKit/537.36 (KHTML, like Gecko) Chrome/120.0.0.0 Safari/537.36" "cs_bytes=210 sc_bytes=71 proxy_action=ssl-inspect ssl_bump=bump"
10.10.1.21 - lina.nguyen@meridianhcs.local [18/Mar/2024:14:37:39 +0000] "POST https://outlook.office365.com/owa/service.svc?action=GetCalendarView HTTP/1.1" 400 1302 "https://outlook.office365.com/owa/#/calendar" "Mozilla/5.0 (X11; Linux x86_64) AppleWebKit/537.36 (KHTML, like Gecko) Chrome/120.0.0.0 Safari/537.36" "cs_bytes=688 sc_bytes=1302 proxy_action=ssl-inspect ssl_bump=bump"
10.10.1.36 - MERIDIANHCS\sophia.martinez [18/Mar/2024:14:37:42 +0000] "GET https://sharepoint.com/sites/intranet/SitePages/Home.aspx HTTP/1.1" 200 18138 "https://sharepoint.com/_api/web/lists" "Mozilla/5.0 (Windows NT 10.0; Win64; x64) AppleWebKit/537.36 (KHTML, like Gecko) Chrome/120.0.0.0 Safari/537.36" "cs_bytes=580 sc_bytes=18138 proxy_action=ssl-inspect ssl_bump=bump"
10.10.1.36 - MERIDIANHCS\sophia.martinez [18/Mar/2024:14:37:44 +0000] "CONNECT c1-onenote-15.cdn.office.net:443 HTTP/1.1" 200 105 "-" "Mozilla/5.0 (Windows NT 10.0; Win64; x64) AppleWebKit/537.36 (KHTML, like Gecko) Chrome/120.0.0.0 Safari/537.36" "cs_bytes=503 sc_bytes=105 proxy_action=tunnel-setup ssl_bump=peek"
10.10.1.36 - MERIDIANHCS\sophia.martinez [18/Mar/2024:14:37:44 +0000] "CONNECT spoprod-a.akamaihd.net:443 HTTP/1.1" 200 111 "-" "Mozilla/5.0 (Windows NT 10.0; Win64; x64) AppleWebKit/537.36 (KHTML, like Gecko) Chrome/120.0.0.0 Safari/537.36" "cs_bytes=256 sc_bytes=111 proxy_action=tunnel-setup ssl_bump=peek"
10.10.1.36 - MERIDIANHCS\sophia.martinez [18/Mar/2024:14:37:44 +0000] "GET https://c1-onenote-15.cdn.office.net/bld/_layouts/15/cc2f43a913bb5149/init.js HTTP/1.1" 200 37233 "https://sharepoint.com/sites/intranet/SitePages/Home.aspx" "Mozilla/5.0 (Windows NT 10.0; Win64; x64) AppleWebKit/537.36 (KHTML, like Gecko) Chrome/120.0.0.0 Safari/537.36" "cs_bytes=201 sc_bytes=37233 proxy_action=ssl-inspect ssl_bump=bump"
10.10.1.36 - MERIDIANHCS\sophia.martinez [18/Mar/2024:14:37:44 +0000] "GET https://sharepoint.com/favicon.ico HTTP/1.1" 200 1054 "https://sharepoint.com/sites/intranet/SitePages/Home.aspx" "Mozilla/5.0 (Windows NT 10.0; Win64; x64) AppleWebKit/537.36 (KHTML, like Gecko) Chrome/120.0.0.0 Safari/537.36" "cs_bytes=259 sc_bytes=1054 proxy_action=ssl-inspect ssl_bump=bump"
10.10.1.36 - MERIDIANHCS\sophia.martinez [18/Mar/2024:14:37:44 +0000] "GET https://spoprod-a.akamaihd.net/bld/_layouts/15/3cac53b74bb6c348/styles/fabric.css HTTP/1.1" 304 94 "https://sharepoint.com/sites/intranet/SitePages/Home.aspx" "Mozilla/5.0 (Windows NT 10.0; Win64; x64) AppleWebKit/537.36 (KHTML, like Gecko) Chrome/120.0.0.0 Safari/537.36" "cs_bytes=85 sc_bytes=94 proxy_action=ssl-inspect ssl_bump=bump"
10.10.1.36 - MERIDIANHCS\sophia.martinez [18/Mar/2024:14:37:45 +0000] "GET https://onedrive.live.com/officehub/681afc86b29d0731/images/ms-logo.png HTTP/1.1" 304 234 "https://sharepoint.com/sites/intranet/SitePages/Home.aspx" "Mozilla/5.0 (Windows NT 10.0; Win64; x64) AppleWebKit/537.36 (KHTML, like Gecko) Chrome/120.0.0.0 Safari/537.36" "cs_bytes=269 sc_bytes=234 proxy_action=ssl-inspect ssl_bump=bump"
10.10.1.21 - - [18/Mar/2024:14:37:48 +0000] "CONNECT packages.microsoft.com:443 HTTP/1.1" 200 182 "-" "apt-http/2.4.11 (amd64)" "cs_bytes=432 sc_bytes=182 proxy_action=tunnel"
10.10.1.32 - MERIDIANHCS\priya.patel [18/Mar/2024:14:37:50 +0000] "CONNECT news.ycombinator.com:443 HTTP/1.1" 200 226 "-" "Mozilla/5.0 (Windows NT 10.0; Win64; x64) AppleWebKit/537.36 (KHTML, like Gecko) Chrome/121.0.0.0 Safari/537.36" "cs_bytes=260 sc_bytes=226 proxy_action=tunnel-setup ssl_bump=peek"
10.10.1.32 - MERIDIANHCS\priya.patel [18/Mar/2024:14:37:50 +0000] "GET https://news.ycombinator.com/ HTTP/1.1" 200 40558 "-" "Mozilla/5.0 (Windows NT 10.0; Win64; x64) AppleWebKit/537.36 (KHTML, like Gecko) Chrome/121.0.0.0 Safari/537.36" "cs_bytes=813 sc_bytes=40558 proxy_action=ssl-inspect ssl_bump=bump"
10.10.1.99 - - [18/Mar/2024:14:37:51 +0000] "CONNECT cdn.jsdelivr.net:443 HTTP/1.1" 200 143 "-" "Wget/1.21.3" "cs_bytes=374 sc_bytes=143 proxy_action=tunnel"
10.10.1.32 - MERIDIANHCS\priya.patel [18/Mar/2024:14:37:52 +0000] "GET https://news.ycombinator.com/news.css?f4f7850c HTTP/1.1" 200 49835 "https://news.ycombinator.com/" "Mozilla/5.0 (Windows NT 10.0; Win64; x64) AppleWebKit/537.36 (KHTML, like Gecko) Chrome/121.0.0.0 Safari/537.36" "cs_bytes=136 sc_bytes=49835 proxy_action=ssl-inspect ssl_bump=bump"
10.10.1.32 - MERIDIANHCS\priya.patel [18/Mar/2024:14:37:53 +0000] "GET https://news.ycombinator.com/y18.svg HTTP/1.1" 200 11805 "https://news.ycombinator.com/" "Mozilla/5.0 (Windows NT 10.0; Win64; x64) AppleWebKit/537.36 (KHTML, like Gecko) Chrome/121.0.0.0 Safari/537.36" "cs_bytes=97 sc_bytes=11805 proxy_action=ssl-inspect ssl_bump=bump"
10.10.1.32 - MERIDIANHCS\priya.patel [18/Mar/2024:14:37:54 +0000] "GET https://news.ycombinator.com/favicon.ico HTTP/1.1" 200 1119 "https://news.ycombinator.com/" "Mozilla/5.0 (Windows NT 10.0; Win64; x64) AppleWebKit/537.36 (KHTML, like Gecko) Chrome/121.0.0.0 Safari/537.36" "cs_bytes=289 sc_bytes=1119 proxy_action=ssl-inspect ssl_bump=bump"
10.10.1.32 - MERIDIANHCS\priya.patel [18/Mar/2024:14:37:59 +0000] "GET https://news.ycombinator.com/item?id=17 HTTP/1.1" 200 55880 "https://news.ycombinator.com/" "Mozilla/5.0 (Windows NT 10.0; Win64; x64) AppleWebKit/537.36 (KHTML, like Gecko) Chrome/121.0.0.0 Safari/537.36" "cs_bytes=768 sc_bytes=55880 proxy_action=ssl-inspect ssl_bump=bump"
10.10.1.36 - - [18/Mar/2024:14:38:00 +0000] "CONNECT clients4.google.com:443 HTTP/1.1" 200 223 "-" "GoogleDriveFS/97.0.1.0 Windows" "cs_bytes=204 sc_bytes=223 proxy_action=tunnel"
10.10.1.32 - MERIDIANHCS\priya.patel [18/Mar/2024:14:38:01 +0000] "GET https://news.ycombinator.com/favicon.ico HTTP/1.1" 200 1020 "https://news.ycombinator.com/item?id=17" "Mozilla/5.0 (Windows NT 10.0; Win64; x64) AppleWebKit/537.36 (KHTML, like Gecko) Chrome/121.0.0.0 Safari/537.36" "cs_bytes=247 sc_bytes=1020 proxy_action=ssl-inspect ssl_bump=bump"
10.10.1.32 - MERIDIANHCS\priya.patel [18/Mar/2024:14:38:01 +0000] "GET https://news.ycombinator.com/news.css?f4f7850c HTTP/1.1" 200 49780 "https://news.ycombinator.com/item?id=17" "Mozilla/5.0 (Windows NT 10.0; Win64; x64) AppleWebKit/537.36 (KHTML, like Gecko) Chrome/121.0.0.0 Safari/537.36" "cs_bytes=272 sc_bytes=49780 proxy_action=ssl-inspect ssl_bump=bump"
10.10.1.32 - MERIDIANHCS\priya.patel [18/Mar/2024:14:38:02 +0000] "GET https://news.ycombinator.com/y18.svg HTTP/1.1" 304 226 "https://news.ycombinator.com/item?id=17" "Mozilla/5.0 (Windows NT 10.0; Win64; x64) AppleWebKit/537.36 (KHTML, like Gecko) Chrome/121.0.0.0 Safari/537.36" "cs_bytes=347 sc_bytes=226 proxy_action=ssl-inspect ssl_bump=bump"
10.10.1.21 - lina.nguyen@meridianhcs.local [18/Mar/2024:14:38:05 +0000] "GET https://outlook.office365.com/owa/#/mail/compose HTTP/1.1" 200 43078 "https://outlook.office365.com/owa/#/calendar" "Mozilla/5.0 (X11; Linux x86_64) AppleWebKit/537.36 (KHTML, like Gecko) Chrome/120.0.0.0 Safari/537.36" "cs_bytes=6182 sc_bytes=43078 proxy_action=ssl-inspect ssl_bump=bump"
10.10.1.21 - lina.nguyen@meridianhcs.local [18/Mar/2024:14:38:08 +0000] "GET https://outlook.office365.com/favicon.ico HTTP/1.1" 304 74 "https://outlook.office365.com/owa/#/mail/compose" "Mozilla/5.0 (X11; Linux x86_64) AppleWebKit/537.36 (KHTML, like Gecko) Chrome/120.0.0.0 Safari/537.36" "cs_bytes=270 sc_bytes=74 proxy_action=ssl-inspect ssl_bump=bump"
10.10.1.21 - lina.nguyen@meridianhcs.local [18/Mar/2024:14:38:08 +0000] "POST https://outlook.office365.com/owa/service.svc?action=GetComposeData HTTP/1.1" 200 16333 "https://outlook.office365.com/owa/#/mail/compose" "Mozilla/5.0 (X11; Linux x86_64) AppleWebKit/537.36 (KHTML, like Gecko) Chrome/120.0.0.0 Safari/537.36" "cs_bytes=5807 sc_bytes=16333 proxy_action=ssl-inspect ssl_bump=bump"
10.10.1.36 - MERIDIANHCS\sophia.martinez [18/Mar/2024:14:38:09 +0000] "GET https://sharepoint.com/_api/web/lists HTTP/1.1" 200 37587 "https://sharepoint.com/sites/intranet/SitePages/Home.aspx" "Mozilla/5.0 (Windows NT 10.0; Win64; x64) AppleWebKit/537.36 (KHTML, like Gecko) Chrome/120.0.0.0 Safari/537.36" "cs_bytes=534 sc_bytes=37587 proxy_action=ssl-inspect ssl_bump=bump"
10.10.1.36 - MERIDIANHCS\sophia.martinez [18/Mar/2024:14:38:11 +0000] "GET https://sharepoint.com/_api/web/lists?$select=Title,Id HTTP/1.1" 200 49048 "https://sharepoint.com/_api/web/lists" "Mozilla/5.0 (Windows NT 10.0; Win64; x64) AppleWebKit/537.36 (KHTML, like Gecko) Chrome/120.0.0.0 Safari/537.36" "cs_bytes=247 sc_bytes=49048 proxy_action=ssl-inspect ssl_bump=bump"
10.10.1.36 - MERIDIANHCS\sophia.martinez [18/Mar/2024:14:38:12 +0000] "GET https://sharepoint.com/favicon.ico HTTP/1.1" 200 1029 "https://sharepoint.com/_api/web/lists" "Mozilla/5.0 (Windows NT 10.0; Win64; x64) AppleWebKit/537.36 (KHTML, like Gecko) Chrome/120.0.0.0 Safari/537.36" "cs_bytes=308 sc_bytes=1029 proxy_action=ssl-inspect ssl_bump=bump"
10.10.1.32 - - [18/Mar/2024:14:38:15 +0000] "CONNECT update.googleapis.com:443 HTTP/1.1" 200 203 "-" "Google Update/1.3.36.372;winhttp" "cs_bytes=456 sc_bytes=203 proxy_action=tunnel"
10.10.1.32 - MERIDIANHCS\priya.patel [18/Mar/2024:14:38:19 +0000] "GET https://news.ycombinator.com/ HTTP/1.1" 200 40458 "https://news.ycombinator.com/item?id=17" "Mozilla/5.0 (Windows NT 10.0; Win64; x64) AppleWebKit/537.36 (KHTML, like Gecko) Chrome/121.0.0.0 Safari/537.36" "cs_bytes=702 sc_bytes=40458 proxy_action=ssl-inspect ssl_bump=bump"
10.10.1.32 - MERIDIANHCS\priya.patel [18/Mar/2024:14:38:21 +0000] "GET https://news.ycombinator.com/y18.svg HTTP/1.1" 206 3857 "https://news.ycombinator.com/" "Mozilla/5.0 (Windows NT 10.0; Win64; x64) AppleWebKit/537.36 (KHTML, like Gecko) Chrome/121.0.0.0 Safari/537.36" "cs_bytes=211 sc_bytes=3857 proxy_action=ssl-inspect ssl_bump=bump"
10.10.1.32 - MERIDIANHCS\priya.patel [18/Mar/2024:14:38:22 +0000] "GET https://news.ycombinator.com/favicon.ico HTTP/1.1" 200 1110 "https://news.ycombinator.com/" "Mozilla/5.0 (Windows NT 10.0; Win64; x64) AppleWebKit/537.36 (KHTML, like Gecko) Chrome/121.0.0.0 Safari/537.36" "cs_bytes=118 sc_bytes=1110 proxy_action=ssl-inspect ssl_bump=bump"
10.10.1.32 - MERIDIANHCS\priya.patel [18/Mar/2024:14:38:22 +0000] "GET https://news.ycombinator.com/news.css?f4f7850c HTTP/1.1" 304 189 "https://news.ycombinator.com/" "Mozilla/5.0 (Windows NT 10.0; Win64; x64) AppleWebKit/537.36 (KHTML, like Gecko) Chrome/121.0.0.0 Safari/537.36" "cs_bytes=328 sc_bytes=189 proxy_action=ssl-inspect ssl_bump=bump"
10.10.1.32 - MERIDIANHCS\priya.patel [18/Mar/2024:14:38:40 +0000] "CONNECT sharepoint.com:443 HTTP/1.1" 200 94 "-" "Mozilla/5.0 (Windows NT 10.0; Win64; x64) AppleWebKit/537.36 (KHTML, like Gecko) Chrome/121.0.0.0 Safari/537.36" "cs_bytes=233 sc_bytes=94 proxy_action=tunnel-setup ssl_bump=peek"
10.10.1.32 - MERIDIANHCS\priya.patel [18/Mar/2024:14:38:40 +0000] "GET https://sharepoint.com/sites/intranet/SitePages/Home.aspx HTTP/1.1" 200 35362 "-" "Mozilla/5.0 (Windows NT 10.0; Win64; x64) AppleWebKit/537.36 (KHTML, like Gecko) Chrome/121.0.0.0 Safari/537.36" "cs_bytes=448 sc_bytes=35362 proxy_action=ssl-inspect ssl_bump=bump"
10.10.1.32 - MERIDIANHCS\priya.patel [18/Mar/2024:14:38:42 +0000] "CONNECT res.cdn.office.net:443 HTTP/1.1" 200 108 "-" "Mozilla/5.0 (Windows NT 10.0; Win64; x64) AppleWebKit/537.36 (KHTML, like Gecko) Chrome/121.0.0.0 Safari/537.36" "cs_bytes=316 sc_bytes=108 proxy_action=tunnel-setup ssl_bump=peek"
10.10.1.32 - MERIDIANHCS\priya.patel [18/Mar/2024:14:38:42 +0000] "CONNECT spoprod-a.akamaihd.net:443 HTTP/1.1" 200 216 "-" "Mozilla/5.0 (Windows NT 10.0; Win64; x64) AppleWebKit/537.36 (KHTML, like Gecko) Chrome/121.0.0.0 Safari/537.36" "cs_bytes=215 sc_bytes=216 proxy_action=tunnel-setup ssl_bump=peek"
10.10.1.32 - MERIDIANHCS\priya.patel [18/Mar/2024:14:38:42 +0000] "GET https://res.cdn.office.net/bld/_layouts/15/cc2f43a913bb5149/init.js HTTP/1.1" 200 37186 "https://sharepoint.com/sites/intranet/SitePages/Home.aspx" "Mozilla/5.0 (Windows NT 10.0; Win64; x64) AppleWebKit/537.36 (KHTML, like Gecko) Chrome/121.0.0.0 Safari/537.36" "cs_bytes=116 sc_bytes=37186 proxy_action=ssl-inspect ssl_bump=bump"
10.10.1.32 - MERIDIANHCS\priya.patel [18/Mar/2024:14:38:42 +0000] "GET https://sharepoint.com/favicon.ico HTTP/1.1" 200 1021 "https://sharepoint.com/sites/intranet/SitePages/Home.aspx" "Mozilla/5.0 (Windows NT 10.0; Win64; x64) AppleWebKit/537.36 (KHTML, like Gecko) Chrome/121.0.0.0 Safari/537.36" "cs_bytes=177 sc_bytes=1021 proxy_action=ssl-inspect ssl_bump=bump"
10.10.1.32 - MERIDIANHCS\priya.patel [18/Mar/2024:14:38:42 +0000] "GET https://spoprod-a.akamaihd.net/bld/_layouts/15/3cac53b74bb6c348/styles/fabric.css HTTP/1.1" 200 16782 "https://sharepoint.com/sites/intranet/SitePages/Home.aspx" "Mozilla/5.0 (Windows NT 10.0; Win64; x64) AppleWebKit/537.36 (KHTML, like Gecko) Chrome/121.0.0.0 Safari/537.36" "cs_bytes=647 sc_bytes=16782 proxy_action=ssl-inspect ssl_bump=bump"
10.10.1.32 - MERIDIANHCS\priya.patel [18/Mar/2024:14:38:43 +0000] "CONNECT onedrive.live.com:443 HTTP/1.1" 200 257 "-" "Mozilla/5.0 (Windows NT 10.0; Win64; x64) AppleWebKit/537.36 (KHTML, like Gecko) Chrome/121.0.0.0 Safari/537.36" "cs_bytes=373 sc_bytes=257 proxy_action=tunnel-setup ssl_bump=peek"
10.10.1.32 - MERIDIANHCS\priya.patel [18/Mar/2024:14:38:43 +0000] "GET https://onedrive.live.com/officehub/681afc86b29d0731/images/ms-logo.png HTTP/1.1" 206 78715 "https://sharepoint.com/sites/intranet/SitePages/Home.aspx" "Mozilla/5.0 (Windows NT 10.0; Win64; x64) AppleWebKit/537.36 (KHTML, like Gecko) Chrome/121.0.0.0 Safari/537.36" "cs_bytes=431 sc_bytes=78715 proxy_action=ssl-inspect ssl_bump=bump"
10.10.1.22 - omar.haddad@meridianhcs.local [18/Mar/2024:14:38:49 +0000] "CONNECT content.dropboxapi.com:443 HTTP/1.1" 200 250 "-" "Mozilla/5.0 (X11; Linux x86_64) AppleWebKit/537.36 (KHTML, like Gecko) Chrome/120.0.0.0 Safari/537.36" "cs_bytes=464 sc_bytes=250 proxy_action=tunnel"
10.10.1.32 - MERIDIANHCS\priya.patel [18/Mar/2024:14:38:51 +0000] "GET https://news.ycombinator.com/item?id=17 HTTP/1.1" 200 24641 "https://news.ycombinator.com/" "Mozilla/5.0 (Windows NT 10.0; Win64; x64) AppleWebKit/537.36 (KHTML, like Gecko) Chrome/121.0.0.0 Safari/537.36" "cs_bytes=638 sc_bytes=24641 proxy_action=ssl-inspect ssl_bump=bump"
10.10.1.32 - MERIDIANHCS\priya.patel [18/Mar/2024:14:38:51 +0000] "GET https://sharepoint.com/_api/web/lists HTTP/1.1" 200 65325 "https://sharepoint.com/sites/intranet/SitePages/Home.aspx" "Mozilla/5.0 (Windows NT 10.0; Win64; x64) AppleWebKit/537.36 (KHTML, like Gecko) Chrome/121.0.0.0 Safari/537.36" "cs_bytes=514 sc_bytes=65325 proxy_action=ssl-inspect ssl_bump=bump"
10.10.1.32 - MERIDIANHCS\priya.patel [18/Mar/2024:14:38:53 +0000] "GET https://news.ycombinator.com/news.css?f4f7850c HTTP/1.1" 200 49879 "https://news.ycombinator.com/item?id=17" "Mozilla/5.0 (Windows NT 10.0; Win64; x64) AppleWebKit/537.36 (KHTML, like Gecko) Chrome/121.0.0.0 Safari/537.36" "cs_bytes=194 sc_bytes=49879 proxy_action=ssl-inspect ssl_bump=bump"
10.10.1.32 - MERIDIANHCS\priya.patel [18/Mar/2024:14:38:53 +0000] "GET https://news.ycombinator.com/y18.svg HTTP/1.1" 206 7300 "https://news.ycombinator.com/item?id=17" "Mozilla/5.0 (Windows NT 10.0; Win64; x64) AppleWebKit/537.36 (KHTML, like Gecko) Chrome/121.0.0.0 Safari/537.36" "cs_bytes=90 sc_bytes=7300 proxy_action=ssl-inspect ssl_bump=bump"
10.10.1.32 - MERIDIANHCS\priya.patel [18/Mar/2024:14:38:54 +0000] "GET https://news.ycombinator.com/favicon.ico HTTP/1.1" 200 1132 "https://news.ycombinator.com/item?id=17" "Mozilla/5.0 (Windows NT 10.0; Win64; x64) AppleWebKit/537.36 (KHTML, like Gecko) Chrome/121.0.0.0 Safari/537.36" "cs_bytes=132 sc_bytes=1132 proxy_action=ssl-inspect ssl_bump=bump"
10.10.1.32 - MERIDIANHCS\priya.patel [18/Mar/2024:14:38:54 +0000] "GET https://sharepoint.com/favicon.ico HTTP/1.1" 200 1091 "https://sharepoint.com/_api/web/lists" "Mozilla/5.0 (Windows NT 10.0; Win64; x64) AppleWebKit/537.36 (KHTML, like Gecko) Chrome/121.0.0.0 Safari/537.36" "cs_bytes=100 sc_bytes=1091 proxy_action=ssl-inspect ssl_bump=bump"
10.10.1.32 - MERIDIANHCS\priya.patel [18/Mar/2024:14:38:55 +0000] "GET https://sharepoint.com/_api/web/lists?$select=Title,Id HTTP/1.1" 200 39078 "https://sharepoint.com/_api/web/lists" "Mozilla/5.0 (Windows NT 10.0; Win64; x64) AppleWebKit/537.36 (KHTML, like Gecko) Chrome/121.0.0.0 Safari/537.36" "cs_bytes=287 sc_bytes=39078 proxy_action=ssl-inspect ssl_bump=bump"
10.10.1.32 - MERIDIANHCS\priya.patel [18/Mar/2024:14:38:57 +0000] "GET https://sharepoint.com/sites/intranet/SitePages/Home.aspx HTTP/1.1" 200 76694 "https://sharepoint.com/_api/web/lists" "Mozilla/5.0 (Windows NT 10.0; Win64; x64) AppleWebKit/537.36 (KHTML, like Gecko) Chrome/121.0.0.0 Safari/537.36" "cs_bytes=383 sc_bytes=76694 proxy_action=ssl-inspect ssl_bump=bump"
10.10.1.32 - MERIDIANHCS\priya.patel [18/Mar/2024:14:38:59 +0000] "CONNECT graph.microsoft.com:443 HTTP/1.1" 200 168 "-" "Mozilla/5.0 (Windows NT 10.0; Win64; x64) AppleWebKit/537.36 (KHTML, like Gecko) Chrome/121.0.0.0 Safari/537.36" "cs_bytes=323 sc_bytes=168 proxy_action=tunnel-setup ssl_bump=peek"
10.10.1.32 - MERIDIANHCS\priya.patel [18/Mar/2024:14:38:59 +0000] "GET https://graph.microsoft.com/bld/_layouts/15/cc2f43a913bb5149/init.js HTTP/1.1" 304 67 "https://sharepoint.com/sites/intranet/SitePages/Home.aspx" "Mozilla/5.0 (Windows NT 10.0; Win64; x64) AppleWebKit/537.36 (KHTML, like Gecko) Chrome/121.0.0.0 Safari/537.36" "cs_bytes=80 sc_bytes=67 proxy_action=ssl-inspect ssl_bump=bump"
10.10.1.32 - MERIDIANHCS\priya.patel [18/Mar/2024:14:39:00 +0000] "CONNECT c1-onenote-15.cdn.office.net:443 HTTP/1.1" 200 222 "-" "Mozilla/5.0 (Windows NT 10.0; Win64; x64) AppleWebKit/537.36 (KHTML, like Gecko) Chrome/121.0.0.0 Safari/537.36" "cs_bytes=449 sc_bytes=222 proxy_action=tunnel-setup ssl_bump=peek"
10.10.1.32 - MERIDIANHCS\priya.patel [18/Mar/2024:14:39:00 +0000] "GET https://c1-onenote-15.cdn.office.net/officehub/681afc86b29d0731/images/ms-logo.png HTTP/1.1" 200 134393 "https://sharepoint.com/sites/intranet/SitePages/Home.aspx" "Mozilla/5.0 (Windows NT 10.0; Win64; x64) AppleWebKit/537.36 (KHTML, like Gecko) Chrome/121.0.0.0 Safari/537.36" "cs_bytes=124 sc_bytes=134393 proxy_action=ssl-inspect ssl_bump=bump"
10.10.1.32 - MERIDIANHCS\priya.patel [18/Mar/2024:14:39:00 +0000] "GET https://sharepoint.com/bld/_layouts/15/3cac53b74bb6c348/styles/fabric.css HTTP/1.1" 200 16754 "https://sharepoint.com/sites/intranet/SitePages/Home.aspx" "Mozilla/5.0 (Windows NT 10.0; Win64; x64) AppleWebKit/537.36 (KHTML, like Gecko) Chrome/121.0.0.0 Safari/537.36" "cs_bytes=223 sc_bytes=16754 proxy_action=ssl-inspect ssl_bump=bump"
10.10.1.32 - MERIDIANHCS\priya.patel [18/Mar/2024:14:39:00 +0000] "GET https://sharepoint.com/favicon.ico HTTP/1.1" 200 950 "https://sharepoint.com/sites/intranet/SitePages/Home.aspx" "Mozilla/5.0 (Windows NT 10.0; Win64; x64) AppleWebKit/537.36 (KHTML, like Gecko) Chrome/121.0.0.0 Safari/537.36" "cs_bytes=310 sc_bytes=950 proxy_action=ssl-inspect ssl_bump=bump"
10.10.1.21 - lina.nguyen@meridianhcs.local [18/Mar/2024:14:39:21 +0000] "CONNECT app.appdynamic.net:443 HTTP/1.1" 200 171 "-" "Mozilla/5.0 (X11; Linux x86_64) AppleWebKit/537.36 (KHTML, like Gecko) Chrome/120.0.0.0 Safari/537.36" "cs_bytes=497 sc_bytes=171 proxy_action=tunnel"
10.10.1.32 - MERIDIANHCS\priya.patel [18/Mar/2024:14:39:22 +0000] "GET https://sharepoint.com/_api/web/lists HTTP/1.1" 200 34963 "https://sharepoint.com/sites/intranet/SitePages/Home.aspx" "Mozilla/5.0 (Windows NT 10.0; Win64; x64) AppleWebKit/537.36 (KHTML, like Gecko) Chrome/121.0.0.0 Safari/537.36" "cs_bytes=660 sc_bytes=34963 proxy_action=ssl-inspect ssl_bump=bump"
10.10.1.32 - MERIDIANHCS\priya.patel [18/Mar/2024:14:39:24 +0000] "GET https://sharepoint.com/_api/web/lists?$select=Title,Id HTTP/1.1" 200 23192 "https://sharepoint.com/_api/web/lists" "Mozilla/5.0 (Windows NT 10.0; Win64; x64) AppleWebKit/537.36 (KHTML, like Gecko) Chrome/121.0.0.0 Safari/537.36" "cs_bytes=155 sc_bytes=23192 proxy_action=ssl-inspect ssl_bump=bump"
10.10.1.21 - - [18/Mar/2024:14:39:25 +0000] "CONNECT media.licdn.com:443 HTTP/1.1" 407 403 "-" "python-requests/2.31.0" "cs_bytes=437 sc_bytes=403 proxy_action=auth-required ssl_bump=terminate"
10.10.1.32 - MERIDIANHCS\priya.patel [18/Mar/2024:14:39:25 +0000] "GET https://sharepoint.com/favicon.ico HTTP/1.1" 200 1015 "https://sharepoint.com/_api/web/lists" "Mozilla/5.0 (Windows NT 10.0; Win64; x64) AppleWebKit/537.36 (KHTML, like Gecko) Chrome/121.0.0.0 Safari/537.36" "cs_bytes=317 sc_bytes=1015 proxy_action=ssl-inspect ssl_bump=bump"
10.10.1.99 - - [18/Mar/2024:14:39:27 +0000] "CONNECT login.salesforce.com:443 HTTP/1.1" 200 166 "-" "Mozilla/5.0 (X11; Ubuntu; Linux x86_64; rv:121.0) Gecko/20100101 Firefox/121.0" "cs_bytes=338 sc_bytes=166 proxy_action=tunnel"
10.10.1.21 - lina.nguyen@meridianhcs.local [18/Mar/2024:14:39:54 +0000] "CONNECT analytics.signalwire.com:443 HTTP/1.1" 200 191 "-" "Mozilla/5.0 (X11; Linux x86_64) AppleWebKit/537.36 (KHTML, like Gecko) Chrome/120.0.0.0 Safari/537.36" "cs_bytes=491 sc_bytes=191 proxy_action=tunnel"
10.10.1.35 - MERIDIANHCS\aisha.johnson [18/Mar/2024:14:40:30 +0000] "CONNECT avatars.githubusercontent.com:443 HTTP/1.1" 200 232 "-" "Mozilla/5.0 (Windows NT 10.0; Win64; x64; rv:120.0) Gecko/20100101 Firefox/120.0" "cs_bytes=309 sc_bytes=232 proxy_action=tunnel"
10.10.1.31 - MERIDIANHCS\marcus.chen [18/Mar/2024:14:40:47 +0000] "GET http://dash.cloudflare.com/1d9871fd/dns HTTP/1.1" 302 670 "-" "Mozilla/5.0 (Windows NT 10.0; Win64; x64) AppleWebKit/537.36 (KHTML, like Gecko) Chrome/120.0.0.0 Safari/537.36 Edg/120.0.0.0" "cs_bytes=4664 sc_bytes=670 proxy_action=forward"
10.10.1.31 - MERIDIANHCS\marcus.chen [18/Mar/2024:14:41:01 +0000] "CONNECT static.sharepointonline.com:443 HTTP/1.1" 200 232 "-" "Mozilla/5.0 (Windows NT 10.0; Win64; x64; rv:121.0) Gecko/20100101 Firefox/121.0" "cs_bytes=375 sc_bytes=232 proxy_action=tunnel"
10.10.1.31 - MERIDIANHCS\marcus.chen [18/Mar/2024:14:41:11 +0000] "CONNECT login.service-now.com:443 HTTP/1.1" 200 97 "-" "Mozilla/5.0 (Windows NT 10.0; Win64; x64) AppleWebKit/537.36 (KHTML, like Gecko) Chrome/120.0.0.0 Safari/537.36 Edg/120.0.0.0" "cs_bytes=292 sc_bytes=97 proxy_action=tunnel"
10.10.1.31 - MERIDIANHCS\marcus.chen [18/Mar/2024:14:41:11 +0000] "CONNECT portal.azure.com:443 HTTP/1.1" 403 1145 "-" "Mozilla/5.0 (Windows NT 10.0; Win64; x64) AppleWebKit/537.36 (KHTML, like Gecko) Chrome/120.0.0.0 Safari/537.36 Edg/120.0.0.0" "cs_bytes=367 sc_bytes=1145 proxy_action=deny ssl_bump=terminate"
10.10.1.31 - - [18/Mar/2024:14:41:13 +0000] "CONNECT ctldl.windowsupdate.com:443 HTTP/1.1" 200 178 "-" "Microsoft-CryptoAPI/10.0" "cs_bytes=378 sc_bytes=178 proxy_action=tunnel"
10.10.1.99 - - [18/Mar/2024:14:41:13 +0000] "CONNECT cf-assets.www.cloudflare.com:443 HTTP/1.1" 200 231 "-" "Wget/1.21.3" "cs_bytes=493 sc_bytes=231 proxy_action=tunnel"
10.10.1.99 - - [18/Mar/2024:14:41:15 +0000] "CONNECT www.cloudflare.com:443 HTTP/1.1" 200 116 "-" "Mozilla/5.0 (X11; Ubuntu; Linux x86_64; rv:121.0) Gecko/20100101 Firefox/121.0" "cs_bytes=271 sc_bytes=116 proxy_action=tunnel"
10.10.2.25 - - [18/Mar/2024:14:41:23 +0000] "CONNECT fonts.fullstory.com:443 HTTP/1.1" 200 230 "-" "Go-http-client/1.1" "cs_bytes=438 sc_bytes=230 proxy_action=tunnel"
10.10.1.31 - MERIDIANHCS\marcus.chen [18/Mar/2024:14:41:43 +0000] "CONNECT www.dropbox.com:443 HTTP/1.1" 200 251 "-" "Mozilla/5.0 (Windows NT 10.0; Win64; x64) AppleWebKit/537.36 (KHTML, like Gecko) Chrome/120.0.0.0 Safari/537.36 Edg/120.0.0.0" "cs_bytes=321 sc_bytes=251 proxy_action=tunnel"
10.10.3.10 - - [18/Mar/2024:14:42:05 +0000] "CONNECT js.hs-analytics.net:443 HTTP/1.1" 503 839 "-" "Wget/1.21.3" "cs_bytes=421 sc_bytes=839 proxy_action=gateway-error ssl_bump=terminate"
10.10.3.10 - - [18/Mar/2024:14:42:53 +0000] "CONNECT content.pingdom.com:443 HTTP/1.1" 200 168 "-" "Wget/1.21.3" "cs_bytes=303 sc_bytes=168 proxy_action=tunnel"
10.10.1.33 - - [18/Mar/2024:14:43:01 +0000] "CONNECT ctldl.windowsupdate.com:443 HTTP/1.1" 200 153 "-" "Microsoft-CryptoAPI/10.0" "cs_bytes=466 sc_bytes=153 proxy_action=tunnel"
10.10.4.10 - - [18/Mar/2024:14:44:10 +0000] "CONNECT media.fullstory.app:443 HTTP/1.1" 200 148 "-" "Wget/1.21.3" "cs_bytes=439 sc_bytes=148 proxy_action=tunnel"
10.10.1.22 - - [18/Mar/2024:14:45:21 +0000] "CONNECT security.ubuntu.com:443 HTTP/1.1" 200 254 "-" "Debian APT-HTTP/1.3 (2.4.11)" "cs_bytes=284 sc_bytes=254 proxy_action=tunnel"
10.10.1.32 - MERIDIANHCS\priya.patel [18/Mar/2024:14:45:40 +0000] "CONNECT media.akamai.net:443 HTTP/1.1" 200 257 "-" "Mozilla/5.0 (Windows NT 10.0; Win64; x64; rv:121.0) Gecko/20100101 Firefox/121.0" "cs_bytes=206 sc_bytes=257 proxy_action=tunnel"
10.10.1.21 - lina.nguyen@meridianhcs.local [18/Mar/2024:14:45:58 +0000] "CONNECT fonts.healthnexus.org:443 HTTP/1.1" 200 94 "-" "Mozilla/5.0 (X11; Linux x86_64) AppleWebKit/537.36 (KHTML, like Gecko) Chrome/120.0.0.0 Safari/537.36" "cs_bytes=324 sc_bytes=94 proxy_action=tunnel"
10.10.1.32 - - [18/Mar/2024:14:46:42 +0000] "CONNECT ctldl.windowsupdate.com:443 HTTP/1.1" 200 225 "-" "Microsoft-CryptoAPI/10.0" "cs_bytes=432 sc_bytes=225 proxy_action=tunnel"
10.10.1.32 - - [18/Mar/2024:14:46:52 +0000] "CONNECT arc.msn.com:443 HTTP/1.1" 200 107 "-" "Windows-Device-Management/10.0" "cs_bytes=526 sc_bytes=107 proxy_action=tunnel"
10.10.1.21 - lina.nguyen@meridianhcs.local [18/Mar/2024:14:47:51 +0000] "CONNECT cache.bugsnag.net:443 HTTP/1.1" 200 215 "-" "Mozilla/5.0 (X11; Linux x86_64) AppleWebKit/537.36 (KHTML, like Gecko) Chrome/120.0.0.0 Safari/537.36" "cs_bytes=392 sc_bytes=215 proxy_action=tunnel-setup ssl_bump=peek"
10.10.1.21 - lina.nguyen@meridianhcs.local [18/Mar/2024:14:47:51 +0000] "GET https://cache.bugsnag.net/ HTTP/1.1" 200 20827 "https://www.bing.com/search?q=cache+bugsnag+net" "Mozilla/5.0 (X11; Linux x86_64) AppleWebKit/537.36 (KHTML, like Gecko) Chrome/120.0.0.0 Safari/537.36" "cs_bytes=1041 sc_bytes=20827 proxy_action=ssl-inspect ssl_bump=bump"
10.10.1.21 - lina.nguyen@meridianhcs.local [18/Mar/2024:14:47:52 +0000] "GET https://cache.bugsnag.net/assets/js/app.f82cee5f.js HTTP/1.1" 200 99851 "https://cache.bugsnag.net/" "Mozilla/5.0 (X11; Linux x86_64) AppleWebKit/537.36 (KHTML, like Gecko) Chrome/120.0.0.0 Safari/537.36" "cs_bytes=213 sc_bytes=99851 proxy_action=ssl-inspect ssl_bump=bump"
10.10.1.21 - lina.nguyen@meridianhcs.local [18/Mar/2024:14:47:53 +0000] "GET https://cache.bugsnag.net/assets/css/main.212225ca.css HTTP/1.1" 304 109 "https://cache.bugsnag.net/" "Mozilla/5.0 (X11; Linux x86_64) AppleWebKit/537.36 (KHTML, like Gecko) Chrome/120.0.0.0 Safari/537.36" "cs_bytes=207 sc_bytes=109 proxy_action=ssl-inspect ssl_bump=bump"
10.10.1.21 - lina.nguyen@meridianhcs.local [18/Mar/2024:14:47:53 +0000] "GET https://cache.bugsnag.net/assets/js/vendor.0bc3634b.js HTTP/1.1" 200 12347 "https://cache.bugsnag.net/" "Mozilla/5.0 (X11; Linux x86_64) AppleWebKit/537.36 (KHTML, like Gecko) Chrome/120.0.0.0 Safari/537.36" "cs_bytes=322 sc_bytes=12347 proxy_action=ssl-inspect ssl_bump=bump"
10.10.1.21 - lina.nguyen@meridianhcs.local [18/Mar/2024:14:47:54 +0000] "GET https://cache.bugsnag.net/assets/img/logo.svg HTTP/1.1" 304 112 "https://cache.bugsnag.net/" "Mozilla/5.0 (X11; Linux x86_64) AppleWebKit/537.36 (KHTML, like Gecko) Chrome/120.0.0.0 Safari/537.36" "cs_bytes=322 sc_bytes=112 proxy_action=ssl-inspect ssl_bump=bump"
10.10.1.21 - lina.nguyen@meridianhcs.local [18/Mar/2024:14:47:55 +0000] "GET https://cache.bugsnag.net/assets/img/hero.d7a96bbb.webp HTTP/1.1" 200 275460 "https://cache.bugsnag.net/" "Mozilla/5.0 (X11; Linux x86_64) AppleWebKit/537.36 (KHTML, like Gecko) Chrome/120.0.0.0 Safari/537.36" "cs_bytes=263 sc_bytes=275460 proxy_action=ssl-inspect ssl_bump=bump"
10.10.1.21 - lina.nguyen@meridianhcs.local [18/Mar/2024:14:47:55 +0000] "GET https://cache.bugsnag.net/favicon.ico HTTP/1.1" 200 1034 "https://cache.bugsnag.net/" "Mozilla/5.0 (X11; Linux x86_64) AppleWebKit/537.36 (KHTML, like Gecko) Chrome/120.0.0.0 Safari/537.36" "cs_bytes=115 sc_bytes=1034 proxy_action=ssl-inspect ssl_bump=bump"
10.10.1.21 - lina.nguyen@meridianhcs.local [18/Mar/2024:14:48:01 +0000] "GET https://cache.bugsnag.net/login HTTP/1.1" 200 28420 "https://cache.bugsnag.net/" "Mozilla/5.0 (X11; Linux x86_64) AppleWebKit/537.36 (KHTML, like Gecko) Chrome/120.0.0.0 Safari/537.36" "cs_bytes=859 sc_bytes=28420 proxy_action=ssl-inspect ssl_bump=bump"
10.10.1.21 - lina.nguyen@meridianhcs.local [18/Mar/2024:14:48:03 +0000] "GET https://cache.bugsnag.net/favicon.ico HTTP/1.1" 200 1007 "https://cache.bugsnag.net/login" "Mozilla/5.0 (X11; Linux x86_64) AppleWebKit/537.36 (KHTML, like Gecko) Chrome/120.0.0.0 Safari/537.36" "cs_bytes=327 sc_bytes=1007 proxy_action=ssl-inspect ssl_bump=bump"
